    Finished `release` profile [optimized] target(s) in 0.00s
     Running unittests src/lib.rs (target/progressive-measure/1.99.0/release/deps/base64_ng-32928bfc42c3339f)

running 1 test
progressive-backend,0,4096,avx2
progressive-bench,0,4096,0,0,1024,129968533
progressive-bench,0,4096,0,1,1024,14307125
progressive-bench,0,4096,0,2,1024,128499173
progressive-bench,0,4096,1,1,1024,14387847
progressive-bench,0,4096,1,2,1024,127305643
progressive-bench,0,4096,1,0,1024,131318367
progressive-bench,0,4096,2,2,1024,127088114
progressive-bench,0,4096,2,0,1024,131221504
progressive-bench,0,4096,2,1,1024,14975745
progressive-bench,0,4096,3,0,1024,126448327
progressive-bench,0,4096,3,1,1024,14260737
progressive-bench,0,4096,3,2,1024,127357932
progressive-bench,0,4096,4,1,1024,14582645
progressive-bench,0,4096,4,2,1024,127166281
progressive-bench,0,4096,4,0,1024,126883528
progressive-bench,0,4096,5,2,1024,128551402
progressive-bench,0,4096,5,0,1024,129107079
progressive-bench,0,4096,5,1,1024,14419086
progressive-bench,0,4096,6,0,1024,126610333
progressive-bench,0,4096,6,1,1024,14332292
progressive-bench,0,4096,6,2,1024,126490418
progressive-bench,0,4096,7,1,1024,14394530
progressive-bench,0,4096,7,2,1024,126481190
progressive-bench,0,4096,7,0,1024,127551056
progressive-bench,0,4096,8,2,1024,127002653
progressive-bench,0,4096,8,0,1024,126130119
progressive-bench,0,4096,8,1,1024,14362990
progressive-bench,0,4096,9,0,1024,127403308
progressive-bench,0,4096,9,1,1024,14551335
progressive-bench,0,4096,9,2,1024,128857699
progressive-bench,0,4096,10,1,1024,14472767
progressive-bench,0,4096,10,2,1024,128384847
progressive-bench,0,4096,10,0,1024,126601607
progressive-backend,0,16384,avx2
progressive-bench,0,16384,0,0,256,126035810
progressive-bench,0,16384,0,1,256,15011392
progressive-bench,0,16384,0,2,256,126725601
progressive-bench,0,16384,1,1,256,14986535
progressive-bench,0,16384,1,2,256,128102896
progressive-bench,0,16384,1,0,256,127272812
progressive-bench,0,16384,2,2,256,127726367
progressive-bench,0,16384,2,0,256,128011835
progressive-bench,0,16384,2,1,256,14936862
progressive-bench,0,16384,3,0,256,125645815
progressive-bench,0,16384,3,1,256,15233461
progressive-bench,0,16384,3,2,256,128834915
progressive-bench,0,16384,4,1,256,15210067
progressive-bench,0,16384,4,2,256,127844599
progressive-bench,0,16384,4,0,256,126771717
progressive-bench,0,16384,5,2,256,126824307
progressive-bench,0,16384,5,0,256,126479116
progressive-bench,0,16384,5,1,256,14859917
progressive-bench,0,16384,6,0,256,125598275
progressive-bench,0,16384,6,1,256,14759528
progressive-bench,0,16384,6,2,256,124923895
progressive-bench,0,16384,7,1,256,14781789
progressive-bench,0,16384,7,2,256,125069700
progressive-bench,0,16384,7,0,256,126956756
progressive-bench,0,16384,8,2,256,126870163
progressive-bench,0,16384,8,0,256,126603992
progressive-bench,0,16384,8,1,256,14852943
progressive-bench,0,16384,9,0,256,126090604
progressive-bench,0,16384,9,1,256,14940919
progressive-bench,0,16384,9,2,256,127318608
progressive-bench,0,16384,10,1,256,15031500
progressive-bench,0,16384,10,2,256,126117534
progressive-bench,0,16384,10,0,256,124550301
progressive-backend,0,65536,avx2
progressive-bench,0,65536,0,0,64,129126786
progressive-bench,0,65536,0,1,64,15347776
progressive-bench,0,65536,0,2,64,134181492
progressive-bench,0,65536,1,1,64,15371030
progressive-bench,0,65536,1,2,64,130968768
progressive-bench,0,65536,1,0,64,130534549
progressive-bench,0,65536,2,2,64,129660011
progressive-bench,0,65536,2,0,64,133997847
progressive-bench,0,65536,2,1,64,15319162
progressive-bench,0,65536,3,0,64,129241362
progressive-bench,0,65536,3,1,64,15363366
progressive-bench,0,65536,3,2,64,128090874
progressive-bench,0,65536,4,1,64,15219184
progressive-bench,0,65536,4,2,64,126997924
progressive-bench,0,65536,4,0,64,127441529
progressive-bench,0,65536,5,2,64,126708298
progressive-bench,0,65536,5,0,64,127158917
progressive-bench,0,65536,5,1,64,15146066
progressive-bench,0,65536,6,0,64,126913043
progressive-bench,0,65536,6,1,64,15177505
progressive-bench,0,65536,6,2,64,127925161
progressive-bench,0,65536,7,1,64,15179760
progressive-bench,0,65536,7,2,64,127658930
progressive-bench,0,65536,7,0,64,127124331
progressive-bench,0,65536,8,2,64,131057205
progressive-bench,0,65536,8,0,64,130885731
progressive-bench,0,65536,8,1,64,15190840
progressive-bench,0,65536,9,0,64,128448137
progressive-bench,0,65536,9,1,64,15275780
progressive-bench,0,65536,9,2,64,130932268
progressive-bench,0,65536,10,1,64,15273577
progressive-bench,0,65536,10,2,64,126649147
progressive-bench,0,65536,10,0,64,127886539
progressive-backend,0,1048576,avx2
progressive-bench,0,1048576,0,0,4,127564892
progressive-bench,0,1048576,0,1,4,15201440
progressive-bench,0,1048576,0,2,4,128879610
progressive-bench,0,1048576,1,1,4,15268727
progressive-bench,0,1048576,1,2,4,127182401
progressive-bench,0,1048576,1,0,4,133935579
progressive-bench,0,1048576,2,2,4,128875662
progressive-bench,0,1048576,2,0,4,129387778
progressive-bench,0,1048576,2,1,4,15193194
progressive-bench,0,1048576,3,0,4,128190491
progressive-bench,0,1048576,3,1,4,15178698
progressive-bench,0,1048576,3,2,4,129948284
progressive-bench,0,1048576,4,1,4,15138000
progressive-bench,0,1048576,4,2,4,126991131
progressive-bench,0,1048576,4,0,4,129054530
progressive-bench,0,1048576,5,2,4,127964346
progressive-bench,0,1048576,5,0,4,127422784
progressive-bench,0,1048576,5,1,4,15211589
progressive-bench,0,1048576,6,0,4,127946932
progressive-bench,0,1048576,6,1,4,15273406
progressive-bench,0,1048576,6,2,4,129420590
progressive-bench,0,1048576,7,1,4,15221658
progressive-bench,0,1048576,7,2,4,131632529
progressive-bench,0,1048576,7,0,4,126763181
progressive-bench,0,1048576,8,2,4,128726823
progressive-bench,0,1048576,8,0,4,127438103
progressive-bench,0,1048576,8,1,4,15096442
progressive-bench,0,1048576,9,0,4,127601622
progressive-bench,0,1048576,9,1,4,15156516
progressive-bench,0,1048576,9,2,4,128610272
progressive-bench,0,1048576,10,1,4,15033163
progressive-bench,0,1048576,10,2,4,126682209
progressive-bench,0,1048576,10,0,4,126558436
progressive-backend,1,4096,avx2
progressive-bench,1,4096,0,0,1024,122550883
progressive-bench,1,4096,0,1,1024,14269023
progressive-bench,1,4096,0,2,1024,126531003
progressive-bench,1,4096,1,1,1024,14638489
progressive-bench,1,4096,1,2,1024,123198683
progressive-bench,1,4096,1,0,1024,122517670
progressive-bench,1,4096,2,2,1024,121812651
progressive-bench,1,4096,2,0,1024,121338156
progressive-bench,1,4096,2,1,1024,14182049
progressive-bench,1,4096,3,0,1024,123069580
progressive-bench,1,4096,3,1,1024,14362700
progressive-bench,1,4096,3,2,1024,121567379
progressive-bench,1,4096,4,1,1024,14203639
progressive-bench,1,4096,4,2,1024,121482369
progressive-bench,1,4096,4,0,1024,122670407
progressive-bench,1,4096,5,2,1024,125084508
progressive-bench,1,4096,5,0,1024,123203873
progressive-bench,1,4096,5,1,1024,14274163
progressive-bench,1,4096,6,0,1024,122043737
progressive-bench,1,4096,6,1,1024,14237834
progressive-bench,1,4096,6,2,1024,122057663
progressive-bench,1,4096,7,1,1024,14320940
progressive-bench,1,4096,7,2,1024,122239907
progressive-bench,1,4096,7,0,1024,121968575
progressive-bench,1,4096,8,2,1024,123419440
progressive-bench,1,4096,8,0,1024,123795578
progressive-bench,1,4096,8,1,1024,14563708
progressive-bench,1,4096,9,0,1024,121769169
progressive-bench,1,4096,9,1,1024,14278681
progressive-bench,1,4096,9,2,1024,121534136
progressive-bench,1,4096,10,1,1024,14204612
progressive-bench,1,4096,10,2,1024,121433195
progressive-bench,1,4096,10,0,1024,121750113
progressive-backend,1,16384,avx2
progressive-bench,1,16384,0,0,256,121539717
progressive-bench,1,16384,0,1,256,14891877
progressive-bench,1,16384,0,2,256,121216548
progressive-bench,1,16384,1,1,256,14878261
progressive-bench,1,16384,1,2,256,120603332
progressive-bench,1,16384,1,0,256,123239550
progressive-bench,1,16384,2,2,256,126482553
progressive-bench,1,16384,2,0,256,126531404
progressive-bench,1,16384,2,1,256,15105640
progressive-bench,1,16384,3,0,256,126404415
progressive-bench,1,16384,3,1,256,14878051
progressive-bench,1,16384,3,2,256,122372807
progressive-bench,1,16384,4,1,256,16190985
progressive-bench,1,16384,4,2,256,120932633
progressive-bench,1,16384,4,0,256,125240061
progressive-bench,1,16384,5,2,256,125967952
progressive-bench,1,16384,5,0,256,122530674
progressive-bench,1,16384,5,1,256,14920120
progressive-bench,1,16384,6,0,256,125740194
progressive-bench,1,16384,6,1,256,16456285
progressive-bench,1,16384,6,2,256,124464138
progressive-bench,1,16384,7,1,256,14781739
progressive-bench,1,16384,7,2,256,121164099
progressive-bench,1,16384,7,0,256,121214554
progressive-bench,1,16384,8,2,256,121860862
progressive-bench,1,16384,8,0,256,120671541
progressive-bench,1,16384,8,1,256,14750701
progressive-bench,1,16384,9,0,256,120555532
progressive-bench,1,16384,9,1,256,14810273
progressive-bench,1,16384,9,2,256,126258400
progressive-bench,1,16384,10,1,256,15254690
progressive-bench,1,16384,10,2,256,122858262
progressive-bench,1,16384,10,0,256,120477365
progressive-backend,1,65536,avx2
progressive-bench,1,65536,0,0,64,121638173
progressive-bench,1,65536,0,1,64,15106741
progressive-bench,1,65536,0,2,64,120260486
progressive-bench,1,65536,1,1,64,14921382
progressive-bench,1,65536,1,2,64,120725542
progressive-bench,1,65536,1,0,64,121444417
progressive-bench,1,65536,2,2,64,122133987
progressive-bench,1,65536,2,0,64,120602129
progressive-bench,1,65536,2,1,64,14927594
progressive-bench,1,65536,3,0,64,121082434
progressive-bench,1,65536,3,1,64,14880486
progressive-bench,1,65536,3,2,64,127410611
progressive-bench,1,65536,4,1,64,15088888
progressive-bench,1,65536,4,2,64,121997008
progressive-bench,1,65536,4,0,64,119710209
progressive-bench,1,65536,5,2,64,120597891
progressive-bench,1,65536,5,0,64,120411660
progressive-bench,1,65536,5,1,64,14868883
progressive-bench,1,65536,6,0,64,120310269
progressive-bench,1,65536,6,1,64,14926472
progressive-bench,1,65536,6,2,64,120931911
progressive-bench,1,65536,7,1,64,14948163
progressive-bench,1,65536,7,2,64,120519694
progressive-bench,1,65536,7,0,64,121452773
progressive-bench,1,65536,8,2,64,121146856
progressive-bench,1,65536,8,0,64,119407277
progressive-bench,1,65536,8,1,64,14864325
progressive-bench,1,65536,9,0,64,119551790
progressive-bench,1,65536,9,1,64,14891707
progressive-bench,1,65536,9,2,64,119197703
progressive-bench,1,65536,10,1,64,14860558
progressive-bench,1,65536,10,2,64,124751881
progressive-bench,1,65536,10,0,64,121855051
progressive-backend,1,1048576,avx2
progressive-bench,1,1048576,0,0,4,122584215
progressive-bench,1,1048576,0,1,4,15002214
progressive-bench,1,1048576,0,2,4,121803494
progressive-bench,1,1048576,1,1,4,15016141
progressive-bench,1,1048576,1,2,4,122198709
progressive-bench,1,1048576,1,0,4,121455548
progressive-bench,1,1048576,2,2,4,122050780
progressive-bench,1,1048576,2,0,4,121455778
progressive-bench,1,1048576,2,1,4,14949786
progressive-bench,1,1048576,3,0,4,121714556
progressive-bench,1,1048576,3,1,4,14990573
progressive-bench,1,1048576,3,2,4,121391758
progressive-bench,1,1048576,4,1,4,14988459
progressive-bench,1,1048576,4,2,4,120771169
progressive-bench,1,1048576,4,0,4,121581074
progressive-bench,1,1048576,5,2,4,122017587
progressive-bench,1,1048576,5,0,4,122155016
progressive-bench,1,1048576,5,1,4,15036640
progressive-bench,1,1048576,6,0,4,122005956
progressive-bench,1,1048576,6,1,4,15019186
progressive-bench,1,1048576,6,2,4,122137202
progressive-bench,1,1048576,7,1,4,14998598
progressive-bench,1,1048576,7,2,4,122096757
progressive-bench,1,1048576,7,0,4,122059386
progressive-bench,1,1048576,8,2,4,122705924
progressive-bench,1,1048576,8,0,4,122547757
progressive-bench,1,1048576,8,1,4,15089188
progressive-bench,1,1048576,9,0,4,122820611
progressive-bench,1,1048576,9,1,4,15034947
progressive-bench,1,1048576,9,2,4,122838624
progressive-bench,1,1048576,10,1,4,15065784
progressive-bench,1,1048576,10,2,4,123589359
progressive-bench,1,1048576,10,0,4,122610284
progressive-backend,2,4096,avx2
progressive-bench,2,4096,0,0,1024,127744150
progressive-bench,2,4096,0,1,1024,14268381
progressive-bench,2,4096,0,2,1024,128469437
progressive-bench,2,4096,1,1,1024,14297967
progressive-bench,2,4096,1,2,1024,128410957
progressive-bench,2,4096,1,0,1024,128251497
progressive-bench,2,4096,2,2,1024,125933908
progressive-bench,2,4096,2,0,1024,126258571
progressive-bench,2,4096,2,1,1024,14263152
progressive-bench,2,4096,3,0,1024,130694420
progressive-bench,2,4096,3,1,1024,14690697
progressive-bench,2,4096,3,2,1024,128280130
progressive-bench,2,4096,4,1,1024,14310531
progressive-bench,2,4096,4,2,1024,125645215
progressive-bench,2,4096,4,0,1024,126841679
progressive-bench,2,4096,5,2,1024,126737604
progressive-bench,2,4096,5,0,1024,128414003
progressive-bench,2,4096,5,1,1024,14743087
progressive-bench,2,4096,6,0,1024,128264762
progressive-bench,2,4096,6,1,1024,14907416
progressive-bench,2,4096,6,2,1024,130596576
progressive-bench,2,4096,7,1,1024,14365044
progressive-bench,2,4096,7,2,1024,130175442
progressive-bench,2,4096,7,0,1024,128836309
progressive-bench,2,4096,8,2,1024,130106272
progressive-bench,2,4096,8,0,1024,133735602
progressive-bench,2,4096,8,1,1024,14215272
progressive-bench,2,4096,9,0,1024,128012746
progressive-bench,2,4096,9,1,1024,14259835
progressive-bench,2,4096,9,2,1024,128049075
progressive-bench,2,4096,10,1,1024,14633330
progressive-bench,2,4096,10,2,1024,127494900
progressive-bench,2,4096,10,0,1024,125995645
progressive-backend,2,16384,avx2
progressive-bench,2,16384,0,0,256,126094582
progressive-bench,2,16384,0,1,256,14952591
progressive-bench,2,16384,0,2,256,127063998
progressive-bench,2,16384,1,1,256,15612545
progressive-bench,2,16384,1,2,256,132278186
progressive-bench,2,16384,1,0,256,127778074
progressive-bench,2,16384,2,2,256,125323969
progressive-bench,2,16384,2,0,256,125291658
progressive-bench,2,16384,2,1,256,14774255
progressive-bench,2,16384,3,0,256,126380140
progressive-bench,2,16384,3,1,256,14795946
progressive-bench,2,16384,3,2,256,125715848
progressive-bench,2,16384,4,1,256,14770809
progressive-bench,2,16384,4,2,256,126207905
progressive-bench,2,16384,4,0,256,126823835
progressive-bench,2,16384,5,2,256,126847741
progressive-bench,2,16384,5,0,256,125759019
progressive-bench,2,16384,5,1,256,15163278
progressive-bench,2,16384,6,0,256,126820409
progressive-bench,2,16384,6,1,256,14967218
progressive-bench,2,16384,6,2,256,127800316
progressive-bench,2,16384,7,1,256,14859286
progressive-bench,2,16384,7,2,256,126042764
progressive-bench,2,16384,7,0,256,126402973
progressive-bench,2,16384,8,2,256,130000553
progressive-bench,2,16384,8,0,256,129606600
progressive-bench,2,16384,8,1,256,14786398
progressive-bench,2,16384,9,0,256,126219557
progressive-bench,2,16384,9,1,256,14804723
progressive-bench,2,16384,9,2,256,125258625
progressive-bench,2,16384,10,1,256,14786147
progressive-bench,2,16384,10,2,256,126790633
progressive-bench,2,16384,10,0,256,126644428
progressive-backend,2,65536,avx2
progressive-bench,2,65536,0,0,64,125363473
progressive-bench,2,65536,0,1,64,15068731
progressive-bench,2,65536,0,2,64,133213949
progressive-bench,2,65536,1,1,64,15342577
progressive-bench,2,65536,1,2,64,131043087
progressive-bench,2,65536,1,0,64,125957833
progressive-bench,2,65536,2,2,64,137014081
progressive-bench,2,65536,2,0,64,130297162
progressive-bench,2,65536,2,1,64,15019457
progressive-bench,2,65536,3,0,64,126210910
progressive-bench,2,65536,3,1,64,15010831
progressive-bench,2,65536,3,2,64,126449370
progressive-bench,2,65536,4,1,64,14980213
progressive-bench,2,65536,4,2,64,127567837
progressive-bench,2,65536,4,0,64,126816963
progressive-bench,2,65536,5,2,64,125394862
progressive-bench,2,65536,5,0,64,125753368
progressive-bench,2,65536,5,1,64,14978430
progressive-bench,2,65536,6,0,64,125824251
progressive-bench,2,65536,6,1,64,14934627
progressive-bench,2,65536,6,2,64,127127588
progressive-bench,2,65536,7,1,64,15039435
progressive-bench,2,65536,7,2,64,125636257
progressive-bench,2,65536,7,0,64,125862013
progressive-bench,2,65536,8,2,64,128213104
progressive-bench,2,65536,8,0,64,127229680
progressive-bench,2,65536,8,1,64,15160423
progressive-bench,2,65536,9,0,64,126214417
progressive-bench,2,65536,9,1,64,14954004
progressive-bench,2,65536,9,2,64,125719825
progressive-bench,2,65536,10,1,64,14969964
progressive-bench,2,65536,10,2,64,126898897
progressive-bench,2,65536,10,0,64,131802650
progressive-backend,2,1048576,avx2
progressive-bench,2,1048576,0,0,4,128526705
progressive-bench,2,1048576,0,1,4,14990683
progressive-bench,2,1048576,0,2,4,126591507
progressive-bench,2,1048576,1,1,4,15051337
progressive-bench,2,1048576,1,2,4,125785208
progressive-bench,2,1048576,1,0,4,127573418
progressive-bench,2,1048576,2,2,4,129555995
progressive-bench,2,1048576,2,0,4,128733255
progressive-bench,2,1048576,2,1,4,15109678
progressive-bench,2,1048576,3,0,4,127913750
progressive-bench,2,1048576,3,1,4,15004399
progressive-bench,2,1048576,3,2,4,126903515
progressive-bench,2,1048576,4,1,4,15162136
progressive-bench,2,1048576,4,2,4,126315678
progressive-bench,2,1048576,4,0,4,125840813
progressive-bench,2,1048576,5,2,4,125204183
progressive-bench,2,1048576,5,0,4,125121096
progressive-bench,2,1048576,5,1,4,14975705
progressive-bench,2,1048576,6,0,4,125777844
progressive-bench,2,1048576,6,1,4,14948744
progressive-bench,2,1048576,6,2,4,125844721
progressive-bench,2,1048576,7,1,4,14951018
progressive-bench,2,1048576,7,2,4,126431917
progressive-bench,2,1048576,7,0,4,127217277
progressive-bench,2,1048576,8,2,4,125386627
progressive-bench,2,1048576,8,0,4,125520199
progressive-bench,2,1048576,8,1,4,14962931
progressive-bench,2,1048576,9,0,4,127311314
progressive-bench,2,1048576,9,1,4,14995051
progressive-bench,2,1048576,9,2,4,128254522
progressive-bench,2,1048576,10,1,4,15318241
progressive-bench,2,1048576,10,2,4,126911911
progressive-bench,2,1048576,10,0,4,125949959
progressive-backend,3,4096,avx2
progressive-bench,3,4096,0,0,1024,121186801
progressive-bench,3,4096,0,1,1024,14250649
progressive-bench,3,4096,0,2,1024,122507862
progressive-bench,3,4096,1,1,1024,14385022
progressive-bench,3,4096,1,2,1024,122156419
progressive-bench,3,4096,1,0,1024,121035747
progressive-bench,3,4096,2,2,1024,121144842
progressive-bench,3,4096,2,0,1024,121718273
progressive-bench,3,4096,2,1,1024,14236993
progressive-bench,3,4096,3,0,1024,121037040
progressive-bench,3,4096,3,1,1024,14176829
progressive-bench,3,4096,3,2,1024,120292025
progressive-bench,3,4096,4,1,1024,14173693
progressive-bench,3,4096,4,2,1024,121481196
progressive-bench,3,4096,4,0,1024,121807261
progressive-bench,3,4096,5,2,1024,121877083
progressive-bench,3,4096,5,0,1024,122936329
progressive-bench,3,4096,5,1,1024,14312295
progressive-bench,3,4096,6,0,1024,122300571
progressive-bench,3,4096,6,1,1024,14343063
progressive-bench,3,4096,6,2,1024,121596724
progressive-bench,3,4096,7,1,1024,14305932
progressive-bench,3,4096,7,2,1024,121999703
progressive-bench,3,4096,7,0,1024,122155658
progressive-bench,3,4096,8,2,1024,121898804
progressive-bench,3,4096,8,0,1024,121324591
progressive-bench,3,4096,8,1,1024,14237543
progressive-bench,3,4096,9,0,1024,126368818
progressive-bench,3,4096,9,1,1024,14604094
progressive-bench,3,4096,9,2,1024,120528611
progressive-bench,3,4096,10,1,1024,14300723
progressive-bench,3,4096,10,2,1024,122266967
progressive-bench,3,4096,10,0,1024,122420387
progressive-backend,3,16384,avx2
progressive-bench,3,16384,0,0,256,121525650
progressive-bench,3,16384,0,1,256,14824691
progressive-bench,3,16384,0,2,256,120849837
progressive-bench,3,16384,1,1,256,15025308
progressive-bench,3,16384,1,2,256,123201168
progressive-bench,3,16384,1,0,256,120637987
progressive-bench,3,16384,2,2,256,120649919
progressive-bench,3,16384,2,0,256,120249865
progressive-bench,3,16384,2,1,256,14863233
progressive-bench,3,16384,3,0,256,122108268
progressive-bench,3,16384,3,1,256,15064943
progressive-bench,3,16384,3,2,256,122594114
progressive-bench,3,16384,4,1,256,14921162
progressive-bench,3,16384,4,2,256,124448398
progressive-bench,3,16384,4,0,256,120446266
progressive-bench,3,16384,5,2,256,122039869
progressive-bench,3,16384,5,0,256,120438852
progressive-bench,3,16384,5,1,256,14844928
progressive-bench,3,16384,6,0,256,125586483
progressive-bench,3,16384,6,1,256,14889713
progressive-bench,3,16384,6,2,256,123686493
progressive-bench,3,16384,7,1,256,15101382
progressive-bench,3,16384,7,2,256,121256663
progressive-bench,3,16384,7,0,256,122413733
progressive-bench,3,16384,8,2,256,122237913
progressive-bench,3,16384,8,0,256,120165647
progressive-bench,3,16384,8,1,256,16127506
progressive-bench,3,16384,9,0,256,122992184
progressive-bench,3,16384,9,1,256,15050335
progressive-bench,3,16384,9,2,256,125830794
progressive-bench,3,16384,10,1,256,15516224
progressive-bench,3,16384,10,2,256,125639073
progressive-bench,3,16384,10,0,256,121482819
progressive-backend,3,65536,avx2
progressive-bench,3,65536,0,0,64,120986754
progressive-bench,3,65536,0,1,64,14965446
progressive-bench,3,65536,0,2,64,122226060
progressive-bench,3,65536,1,1,64,14992276
progressive-bench,3,65536,1,2,64,120613331
progressive-bench,3,65536,1,0,64,120670158
progressive-bench,3,65536,2,2,64,120666691
progressive-bench,3,65536,2,0,64,121119585
progressive-bench,3,65536,2,1,64,14965585
progressive-bench,3,65536,3,0,64,121248788
progressive-bench,3,65536,3,1,64,15014047
progressive-bench,3,65536,3,2,64,122779333
progressive-bench,3,65536,4,1,64,15460088
progressive-bench,3,65536,4,2,64,126003239
progressive-bench,3,65536,4,0,64,123922768
progressive-bench,3,65536,5,2,64,124719580
progressive-bench,3,65536,5,0,64,121123292
progressive-bench,3,65536,5,1,64,15053572
progressive-bench,3,65536,6,0,64,121859419
progressive-bench,3,65536,6,1,64,16250878
progressive-bench,3,65536,6,2,64,121703134
progressive-bench,3,65536,7,1,64,15039615
progressive-bench,3,65536,7,2,64,122612469
progressive-bench,3,65536,7,0,64,120814520
progressive-bench,3,65536,8,2,64,120902846
progressive-bench,3,65536,8,0,64,120542488
progressive-bench,3,65536,8,1,64,14998869
progressive-bench,3,65536,9,0,64,120521297
progressive-bench,3,65536,9,1,64,15007234
progressive-bench,3,65536,9,2,64,120927132
progressive-bench,3,65536,10,1,64,14988259
progressive-bench,3,65536,10,2,64,123500662
progressive-bench,3,65536,10,0,64,121570966
progressive-backend,3,1048576,avx2
progressive-bench,3,1048576,0,0,4,125030285
progressive-bench,3,1048576,0,1,4,15095360
progressive-bench,3,1048576,0,2,4,123614166
progressive-bench,3,1048576,1,1,4,15157768
progressive-bench,3,1048576,1,2,4,122086938
progressive-bench,3,1048576,1,0,4,121020378
progressive-bench,3,1048576,2,2,4,120982036
progressive-bench,3,1048576,2,0,4,121294955
progressive-bench,3,1048576,2,1,4,14979852
progressive-bench,3,1048576,3,0,4,123253617
progressive-bench,3,1048576,3,1,4,15013596
progressive-bench,3,1048576,3,2,4,121630919
progressive-bench,3,1048576,4,1,4,15044695
progressive-bench,3,1048576,4,2,4,120678213
progressive-bench,3,1048576,4,0,4,121215906
progressive-bench,3,1048576,5,2,4,121045796
progressive-bench,3,1048576,5,0,4,120922985
progressive-bench,3,1048576,5,1,4,15006463
progressive-bench,3,1048576,6,0,4,123255520
progressive-bench,3,1048576,6,1,4,15034506
progressive-bench,3,1048576,6,2,4,121266892
progressive-bench,3,1048576,7,1,4,15065915
progressive-bench,3,1048576,7,2,4,121071985
progressive-bench,3,1048576,7,0,4,119911007
progressive-bench,3,1048576,8,2,4,121420221
progressive-bench,3,1048576,8,0,4,123335641
progressive-bench,3,1048576,8,1,4,15234012
progressive-bench,3,1048576,9,0,4,120603973
progressive-bench,3,1048576,9,1,4,15022954
progressive-bench,3,1048576,9,2,4,122450423
progressive-bench,3,1048576,10,1,4,15313431
progressive-bench,3,1048576,10,2,4,121138069
progressive-bench,3,1048576,10,0,4,121053670
ok

test result: ok. 1 passed; 0 failed; 0 ignored; 0 measured; 286 filtered out; finished in 49.91s

