    Finished `release` profile [optimized] target(s) in 0.00s
     Running unittests src/lib.rs (target/progressive-measure/1.99.0/release/deps/base64_ng-32928bfc42c3339f)

running 1 test
progressive-backend,0,4096,avx2
progressive-bench,0,4096,0,0,1024,134533296
progressive-bench,0,4096,0,1,1024,14565772
progressive-bench,0,4096,0,2,1024,129235440
progressive-bench,0,4096,1,1,1024,14418305
progressive-bench,0,4096,1,2,1024,127038951
progressive-bench,0,4096,1,0,1024,128218364
progressive-bench,0,4096,2,2,1024,126576500
progressive-bench,0,4096,2,0,1024,126012867
progressive-bench,0,4096,2,1,1024,14226923
progressive-bench,0,4096,3,0,1024,127345259
progressive-bench,0,4096,3,1,1024,14213128
progressive-bench,0,4096,3,2,1024,127790608
progressive-bench,0,4096,4,1,1024,14198389
progressive-bench,0,4096,4,2,1024,128779983
progressive-bench,0,4096,4,0,1024,130257898
progressive-bench,0,4096,5,2,1024,127295574
progressive-bench,0,4096,5,0,1024,124707718
progressive-bench,0,4096,5,1,1024,14117798
progressive-bench,0,4096,6,0,1024,124599484
progressive-bench,0,4096,6,1,1024,14128478
progressive-bench,0,4096,6,2,1024,124727224
progressive-bench,0,4096,7,1,1024,14127236
progressive-bench,0,4096,7,2,1024,129059469
progressive-bench,0,4096,7,0,1024,125883353
progressive-bench,0,4096,8,2,1024,125907499
progressive-bench,0,4096,8,0,1024,127047617
progressive-bench,0,4096,8,1,1024,14232554
progressive-bench,0,4096,9,0,1024,125637951
progressive-bench,0,4096,9,1,1024,14154547
progressive-bench,0,4096,9,2,1024,126745818
progressive-bench,0,4096,10,1,1024,14566323
progressive-bench,0,4096,10,2,1024,131676262
progressive-bench,0,4096,10,0,1024,125688115
progressive-backend,0,16384,avx2
progressive-bench,0,16384,0,0,256,131453261
progressive-bench,0,16384,0,1,256,14846261
progressive-bench,0,16384,0,2,256,127022470
progressive-bench,0,16384,1,1,256,14951158
progressive-bench,0,16384,1,2,256,128126661
progressive-bench,0,16384,1,0,256,127189925
progressive-bench,0,16384,2,2,256,126193127
progressive-bench,0,16384,2,0,256,126750798
progressive-bench,0,16384,2,1,256,14811456
progressive-bench,0,16384,3,0,256,125399170
progressive-bench,0,16384,3,1,256,14898569
progressive-bench,0,16384,3,2,256,131446949
progressive-bench,0,16384,4,1,256,14845449
progressive-bench,0,16384,4,2,256,125589670
progressive-bench,0,16384,4,0,256,125511202
progressive-bench,0,16384,5,2,256,126769423
progressive-bench,0,16384,5,0,256,125979885
progressive-bench,0,16384,5,1,256,14759277
progressive-bench,0,16384,6,0,256,125549905
progressive-bench,0,16384,6,1,256,14839138
progressive-bench,0,16384,6,2,256,125047198
progressive-bench,0,16384,7,1,256,14784084
progressive-bench,0,16384,7,2,256,124815060
progressive-bench,0,16384,7,0,256,124802185
progressive-bench,0,16384,8,2,256,125341081
progressive-bench,0,16384,8,0,256,125211146
progressive-bench,0,16384,8,1,256,14803680
progressive-bench,0,16384,9,0,256,125432043
progressive-bench,0,16384,9,1,256,14723780
progressive-bench,0,16384,9,2,256,124600586
progressive-bench,0,16384,10,1,256,14721395
progressive-bench,0,16384,10,2,256,125666925
progressive-bench,0,16384,10,0,256,127082934
progressive-backend,0,65536,avx2
progressive-bench,0,65536,0,0,64,126230878
progressive-bench,0,65536,0,1,64,14911124
progressive-bench,0,65536,0,2,64,125012452
progressive-bench,0,65536,1,1,64,14942102
progressive-bench,0,65536,1,2,64,125019705
progressive-bench,0,65536,1,0,64,124995099
progressive-bench,0,65536,2,2,64,125180939
progressive-bench,0,65536,2,0,64,126387493
progressive-bench,0,65536,2,1,64,15068780
progressive-bench,0,65536,3,0,64,124801655
progressive-bench,0,65536,3,1,64,14923617
progressive-bench,0,65536,3,2,64,124471873
progressive-bench,0,65536,4,1,64,14954655
progressive-bench,0,65536,4,2,64,124128496
progressive-bench,0,65536,4,0,64,124233945
progressive-bench,0,65536,5,2,64,124919396
progressive-bench,0,65536,5,0,64,129442241
progressive-bench,0,65536,5,1,64,15872875
progressive-bench,0,65536,6,0,64,126562012
progressive-bench,0,65536,6,1,64,14991134
progressive-bench,0,65536,6,2,64,127395853
progressive-bench,0,65536,7,1,64,15009118
progressive-bench,0,65536,7,2,64,130967025
progressive-bench,0,65536,7,0,64,130693609
progressive-bench,0,65536,8,2,64,126847801
progressive-bench,0,65536,8,0,64,127754810
progressive-bench,0,65536,8,1,64,15141316
progressive-bench,0,65536,9,0,64,124222162
progressive-bench,0,65536,9,1,64,14870798
progressive-bench,0,65536,9,2,64,124395489
progressive-bench,0,65536,10,1,64,14904149
progressive-bench,0,65536,10,2,64,123885448
progressive-bench,0,65536,10,0,64,130815449
progressive-backend,0,1048576,avx2
progressive-bench,0,1048576,0,0,4,134329281
progressive-bench,0,1048576,0,1,4,14954956
progressive-bench,0,1048576,0,2,4,125791560
progressive-bench,0,1048576,1,1,4,15071134
progressive-bench,0,1048576,1,2,4,127181560
progressive-bench,0,1048576,1,0,4,127119142
progressive-bench,0,1048576,2,2,4,127700909
progressive-bench,0,1048576,2,0,4,126126802
progressive-bench,0,1048576,2,1,4,15047320
progressive-bench,0,1048576,3,0,4,128188868
progressive-bench,0,1048576,3,1,4,15113053
progressive-bench,0,1048576,3,2,4,127343455
progressive-bench,0,1048576,4,1,4,15111100
progressive-bench,0,1048576,4,2,4,126958669
progressive-bench,0,1048576,4,0,4,126902334
progressive-bench,0,1048576,5,2,4,126438880
progressive-bench,0,1048576,5,0,4,125516221
progressive-bench,0,1048576,5,1,4,15093186
progressive-bench,0,1048576,6,0,4,125859829
progressive-bench,0,1048576,6,1,4,14984542
progressive-bench,0,1048576,6,2,4,126172959
progressive-bench,0,1048576,7,1,4,15013476
progressive-bench,0,1048576,7,2,4,125871811
progressive-bench,0,1048576,7,0,4,126270032
progressive-bench,0,1048576,8,2,4,131483328
progressive-bench,0,1048576,8,0,4,133805644
progressive-bench,0,1048576,8,1,4,15175131
progressive-bench,0,1048576,9,0,4,126229065
progressive-bench,0,1048576,9,1,4,14987938
progressive-bench,0,1048576,9,2,4,131713522
progressive-bench,0,1048576,10,1,4,15122702
progressive-bench,0,1048576,10,2,4,124951747
progressive-bench,0,1048576,10,0,4,129605919
progressive-backend,1,4096,avx2
progressive-bench,1,4096,0,0,1024,124388786
progressive-bench,1,4096,0,1,1024,14204191
progressive-bench,1,4096,0,2,1024,122593813
progressive-bench,1,4096,1,1,1024,14298689
progressive-bench,1,4096,1,2,1024,124858833
progressive-bench,1,4096,1,0,1024,126173089
progressive-bench,1,4096,2,2,1024,123815015
progressive-bench,1,4096,2,0,1024,121571787
progressive-bench,1,4096,2,1,1024,14200554
progressive-bench,1,4096,3,0,1024,120792248
progressive-bench,1,4096,3,1,1024,14244576
progressive-bench,1,4096,3,2,1024,120688092
progressive-bench,1,4096,4,1,1024,14207767
progressive-bench,1,4096,4,2,1024,120922003
progressive-bench,1,4096,4,0,1024,121539155
progressive-bench,1,4096,5,2,1024,122622357
progressive-bench,1,4096,5,0,1024,121504100
progressive-bench,1,4096,5,1,1024,14266168
progressive-bench,1,4096,6,0,1024,121674981
progressive-bench,1,4096,6,1,1024,14167722
progressive-bench,1,4096,6,2,1024,121006070
progressive-bench,1,4096,7,1,1024,14188170
progressive-bench,1,4096,7,2,1024,121099958
progressive-bench,1,4096,7,0,1024,120930899
progressive-bench,1,4096,8,2,1024,121191651
progressive-bench,1,4096,8,0,1024,120947320
progressive-bench,1,4096,8,1,1024,14206014
progressive-bench,1,4096,9,0,1024,123759190
progressive-bench,1,4096,9,1,1024,14141913
progressive-bench,1,4096,9,2,1024,119979797
progressive-bench,1,4096,10,1,1024,14204000
progressive-bench,1,4096,10,2,1024,120400018
progressive-bench,1,4096,10,0,1024,121023123
progressive-backend,1,16384,avx2
progressive-bench,1,16384,0,0,256,120484769
progressive-bench,1,16384,0,1,256,14744088
progressive-bench,1,16384,0,2,256,120250687
progressive-bench,1,16384,1,1,256,14749999
progressive-bench,1,16384,1,2,256,120925058
progressive-bench,1,16384,1,0,256,120076849
progressive-bench,1,16384,2,2,256,120490389
progressive-bench,1,16384,2,0,256,120637797
progressive-bench,1,16384,2,1,256,14847423
progressive-bench,1,16384,3,0,256,122230869
progressive-bench,1,16384,3,1,256,14956569
progressive-bench,1,16384,3,2,256,122738526
progressive-bench,1,16384,4,1,256,14832686
progressive-bench,1,16384,4,2,256,122708450
progressive-bench,1,16384,4,0,256,122266186
progressive-bench,1,16384,5,2,256,121330101
progressive-bench,1,16384,5,0,256,120743416
progressive-bench,1,16384,5,1,256,14843676
progressive-bench,1,16384,6,0,256,120161309
progressive-bench,1,16384,6,1,256,14734299
progressive-bench,1,16384,6,2,256,120356637
progressive-bench,1,16384,7,1,256,14799874
progressive-bench,1,16384,7,2,256,120213497
progressive-bench,1,16384,7,0,256,120188540
progressive-bench,1,16384,8,2,256,120824208
progressive-bench,1,16384,8,0,256,120695716
progressive-bench,1,16384,8,1,256,14753636
progressive-bench,1,16384,9,0,256,120161198
progressive-bench,1,16384,9,1,256,14725093
progressive-bench,1,16384,9,2,256,120484148
progressive-bench,1,16384,10,1,256,14748015
progressive-bench,1,16384,10,2,256,121292401
progressive-bench,1,16384,10,0,256,121759822
progressive-backend,1,65536,avx2
progressive-bench,1,65536,0,0,64,120640091
progressive-bench,1,65536,0,1,64,14951910
progressive-bench,1,65536,0,2,64,120840278
progressive-bench,1,65536,1,1,64,14901415
progressive-bench,1,65536,1,2,64,120510757
progressive-bench,1,65536,1,0,64,121760473
progressive-bench,1,65536,2,2,64,120594245
progressive-bench,1,65536,2,0,64,120641644
progressive-bench,1,65536,2,1,64,14935179
progressive-bench,1,65536,3,0,64,120157141
progressive-bench,1,65536,3,1,64,15590774
progressive-bench,1,65536,3,2,64,120524143
progressive-bench,1,65536,4,1,64,14898229
progressive-bench,1,65536,4,2,64,120125782
progressive-bench,1,65536,4,0,64,120308045
progressive-bench,1,65536,5,2,64,120290001
progressive-bench,1,65536,5,0,64,121550447
progressive-bench,1,65536,5,1,64,14920331
progressive-bench,1,65536,6,0,64,120960475
progressive-bench,1,65536,6,1,64,14939547
progressive-bench,1,65536,6,2,64,120434624
progressive-bench,1,65536,7,1,64,14882439
progressive-bench,1,65536,7,2,64,120658616
progressive-bench,1,65536,7,0,64,119906288
progressive-bench,1,65536,8,2,64,120163453
progressive-bench,1,65536,8,0,64,120008019
progressive-bench,1,65536,8,1,64,14899692
progressive-bench,1,65536,9,0,64,119990206
progressive-bench,1,65536,9,1,64,14873693
progressive-bench,1,65536,9,2,64,120697409
progressive-bench,1,65536,10,1,64,14855588
progressive-bench,1,65536,10,2,64,120738587
progressive-bench,1,65536,10,0,64,120802918
progressive-backend,1,1048576,avx2
progressive-bench,1,1048576,0,0,4,121458354
progressive-bench,1,1048576,0,1,4,14902887
progressive-bench,1,1048576,0,2,4,120753605
progressive-bench,1,1048576,1,1,4,14929077
progressive-bench,1,1048576,1,2,4,120595306
progressive-bench,1,1048576,1,0,4,124985681
progressive-bench,1,1048576,2,2,4,121355970
progressive-bench,1,1048576,2,0,4,121334991
progressive-bench,1,1048576,2,1,4,14876528
progressive-bench,1,1048576,3,0,4,120246599
progressive-bench,1,1048576,3,1,4,14817647
progressive-bench,1,1048576,3,2,4,120330798
progressive-bench,1,1048576,4,1,4,14851781
progressive-bench,1,1048576,4,2,4,121383562
progressive-bench,1,1048576,4,0,4,120878160
progressive-bench,1,1048576,5,2,4,120056611
progressive-bench,1,1048576,5,0,4,120929045
progressive-bench,1,1048576,5,1,4,14866459
progressive-bench,1,1048576,6,0,4,120643527
progressive-bench,1,1048576,6,1,4,15058882
progressive-bench,1,1048576,6,2,4,121000090
progressive-bench,1,1048576,7,1,4,14907587
progressive-bench,1,1048576,7,2,4,121604699
progressive-bench,1,1048576,7,0,4,120748164
progressive-bench,1,1048576,8,2,4,121659442
progressive-bench,1,1048576,8,0,4,122602800
progressive-bench,1,1048576,8,1,4,14979532
progressive-bench,1,1048576,9,0,4,120505357
progressive-bench,1,1048576,9,1,4,14927114
progressive-bench,1,1048576,9,2,4,120054417
progressive-bench,1,1048576,10,1,4,14880506
progressive-bench,1,1048576,10,2,4,120923716
progressive-bench,1,1048576,10,0,4,120631705
progressive-backend,2,4096,avx2
progressive-bench,2,4096,0,0,1024,125368613
progressive-bench,2,4096,0,1,1024,14138808
progressive-bench,2,4096,0,2,1024,125603947
progressive-bench,2,4096,1,1,1024,14168153
progressive-bench,2,4096,1,2,1024,125451690
progressive-bench,2,4096,1,0,1024,124331628
progressive-bench,2,4096,2,2,1024,124822014
progressive-bench,2,4096,2,0,1024,125894674
progressive-bench,2,4096,2,1,1024,14160789
progressive-bench,2,4096,3,0,1024,125437053
progressive-bench,2,4096,3,1,1024,14105414
progressive-bench,2,4096,3,2,1024,125611131
progressive-bench,2,4096,4,1,1024,14101908
progressive-bench,2,4096,4,2,1024,125171392
progressive-bench,2,4096,4,0,1024,125435669
progressive-bench,2,4096,5,2,1024,124761198
progressive-bench,2,4096,5,0,1024,124579616
progressive-bench,2,4096,5,1,1024,14109061
progressive-bench,2,4096,6,0,1024,125026879
progressive-bench,2,4096,6,1,1024,14153335
progressive-bench,2,4096,6,2,1024,125044331
progressive-bench,2,4096,7,1,1024,14094735
progressive-bench,2,4096,7,2,1024,125119152
progressive-bench,2,4096,7,0,1024,124712346
progressive-bench,2,4096,8,2,1024,124533399
progressive-bench,2,4096,8,0,1024,124640500
progressive-bench,2,4096,8,1,1024,14118189
progressive-bench,2,4096,9,0,1024,124744657
progressive-bench,2,4096,9,1,1024,14095356
progressive-bench,2,4096,9,2,1024,125353765
progressive-bench,2,4096,10,1,1024,14175406
progressive-bench,2,4096,10,2,1024,125471978
progressive-bench,2,4096,10,0,1024,125849659
progressive-backend,2,16384,avx2
progressive-bench,2,16384,0,0,256,125184756
progressive-bench,2,16384,0,1,256,14898960
progressive-bench,2,16384,0,2,256,125018994
progressive-bench,2,16384,1,1,256,14709684
progressive-bench,2,16384,1,2,256,125641908
progressive-bench,2,16384,1,0,256,125095819
progressive-bench,2,16384,2,2,256,127443434
progressive-bench,2,16384,2,0,256,127783034
progressive-bench,2,16384,2,1,256,14770989
progressive-bench,2,16384,3,0,256,126143013
progressive-bench,2,16384,3,1,256,14781629
progressive-bench,2,16384,3,2,256,125024083
progressive-bench,2,16384,4,1,256,14715394
progressive-bench,2,16384,4,2,256,126479517
progressive-bench,2,16384,4,0,256,124995570
progressive-bench,2,16384,5,2,256,127580803
progressive-bench,2,16384,5,0,256,127089095
progressive-bench,2,16384,5,1,256,14757303
progressive-bench,2,16384,6,0,256,125067134
progressive-bench,2,16384,6,1,256,14733187
progressive-bench,2,16384,6,2,256,125558952
progressive-bench,2,16384,7,1,256,15403010
progressive-bench,2,16384,7,2,256,128885762
progressive-bench,2,16384,7,0,256,126609481
progressive-bench,2,16384,8,2,256,128780453
progressive-bench,2,16384,8,0,256,126868840
progressive-bench,2,16384,8,1,256,14891777
progressive-bench,2,16384,9,0,256,127455185
progressive-bench,2,16384,9,1,256,14850889
progressive-bench,2,16384,9,2,256,129659190
progressive-bench,2,16384,10,1,256,14848705
progressive-bench,2,16384,10,2,256,126149425
progressive-bench,2,16384,10,0,256,126665447
progressive-backend,2,65536,avx2
progressive-bench,2,65536,0,0,64,126667571
progressive-bench,2,65536,0,1,64,14996273
progressive-bench,2,65536,0,2,64,128501037
progressive-bench,2,65536,1,1,64,15002936
progressive-bench,2,65536,1,2,64,127239479
progressive-bench,2,65536,1,0,64,126888978
progressive-bench,2,65536,2,2,64,125918630
progressive-bench,2,65536,2,0,64,127912739
progressive-bench,2,65536,2,1,64,15052088
progressive-bench,2,65536,3,0,64,126937680
progressive-bench,2,65536,3,1,64,15204747
progressive-bench,2,65536,3,2,64,127836834
progressive-bench,2,65536,4,1,64,15291089
progressive-bench,2,65536,4,2,64,130574354
progressive-bench,2,65536,4,0,64,125489090
progressive-bench,2,65536,5,2,64,125799075
progressive-bench,2,65536,5,0,64,125288522
progressive-bench,2,65536,5,1,64,14937823
progressive-bench,2,65536,6,0,64,125646186
progressive-bench,2,65536,6,1,64,14934437
progressive-bench,2,65536,6,2,64,125234320
progressive-bench,2,65536,7,1,64,14923236
progressive-bench,2,65536,7,2,64,125340430
progressive-bench,2,65536,7,0,64,126232471
progressive-bench,2,65536,8,2,64,125666775
progressive-bench,2,65536,8,0,64,125704586
progressive-bench,2,65536,8,1,64,14909319
progressive-bench,2,65536,9,0,64,125688766
progressive-bench,2,65536,9,1,64,14882229
progressive-bench,2,65536,9,2,64,125948757
progressive-bench,2,65536,10,1,64,14951830
progressive-bench,2,65536,10,2,64,125513296
progressive-bench,2,65536,10,0,64,125447732
progressive-backend,2,1048576,avx2
progressive-bench,2,1048576,0,0,4,126199809
progressive-bench,2,1048576,0,1,4,15058270
progressive-bench,2,1048576,0,2,4,126746871
progressive-bench,2,1048576,1,1,4,15034044
progressive-bench,2,1048576,1,2,4,126379689
progressive-bench,2,1048576,1,0,4,126454409
progressive-bench,2,1048576,2,2,4,130240015
progressive-bench,2,1048576,2,0,4,128700843
progressive-bench,2,1048576,2,1,4,15216589
progressive-bench,2,1048576,3,0,4,127782893
progressive-bench,2,1048576,3,1,4,15146096
progressive-bench,2,1048576,3,2,4,127157134
progressive-bench,2,1048576,4,1,4,15039816
progressive-bench,2,1048576,4,2,4,127317096
progressive-bench,2,1048576,4,0,4,128101955
progressive-bench,2,1048576,5,2,4,126641683
progressive-bench,2,1048576,5,0,4,127017250
progressive-bench,2,1048576,5,1,4,15019688
progressive-bench,2,1048576,6,0,4,126293005
progressive-bench,2,1048576,6,1,4,16846220
progressive-bench,2,1048576,6,2,4,126847059
progressive-bench,2,1048576,7,1,4,14982277
progressive-bench,2,1048576,7,2,4,128069894
progressive-bench,2,1048576,7,0,4,129007051
progressive-bench,2,1048576,8,2,4,133965385
progressive-bench,2,1048576,8,0,4,129472117
progressive-bench,2,1048576,8,1,4,15041419
progressive-bench,2,1048576,9,0,4,128660597
progressive-bench,2,1048576,9,1,4,15111220
progressive-bench,2,1048576,9,2,4,127655152
progressive-bench,2,1048576,10,1,4,15069882
progressive-bench,2,1048576,10,2,4,126944623
progressive-bench,2,1048576,10,0,4,126156948
progressive-backend,3,4096,avx2
progressive-bench,3,4096,0,0,1024,121473552
progressive-bench,3,4096,0,1,1024,14589497
progressive-bench,3,4096,0,2,1024,122616727
progressive-bench,3,4096,1,1,1024,14813068
progressive-bench,3,4096,1,2,1024,122437338
progressive-bench,3,4096,1,0,1024,124496299
progressive-bench,3,4096,2,2,1024,120772951
progressive-bench,3,4096,2,0,1024,121850933
progressive-bench,3,4096,2,1,1024,14364463
progressive-bench,3,4096,3,0,1024,122808788
progressive-bench,3,4096,3,1,1024,14325790
progressive-bench,3,4096,3,2,1024,121229883
progressive-bench,3,4096,4,1,1024,14270235
progressive-bench,3,4096,4,2,1024,120842373
progressive-bench,3,4096,4,0,1024,121491095
progressive-bench,3,4096,5,2,1024,120197507
progressive-bench,3,4096,5,0,1024,120634079
progressive-bench,3,4096,5,1,1024,14167862
progressive-bench,3,4096,6,0,1024,121247075
progressive-bench,3,4096,6,1,1024,14128538
progressive-bench,3,4096,6,2,1024,121891209
progressive-bench,3,4096,7,1,1024,14326602
progressive-bench,3,4096,7,2,1024,123263485
progressive-bench,3,4096,7,0,1024,121843730
progressive-bench,3,4096,8,2,1024,121505492
progressive-bench,3,4096,8,0,1024,121574863
progressive-bench,3,4096,8,1,1024,14281967
progressive-bench,3,4096,9,0,1024,121661837
progressive-bench,3,4096,9,1,1024,15486227
progressive-bench,3,4096,9,2,1024,126178439
progressive-bench,3,4096,10,1,1024,14239527
progressive-bench,3,4096,10,2,1024,121126026
progressive-bench,3,4096,10,0,1024,123221095
progressive-backend,3,16384,avx2
progressive-bench,3,16384,0,0,256,122137564
progressive-bench,3,16384,0,1,256,14766129
progressive-bench,3,16384,0,2,256,121984235
progressive-bench,3,16384,1,1,256,14794564
progressive-bench,3,16384,1,2,256,121989203
progressive-bench,3,16384,1,0,256,120341629
progressive-bench,3,16384,2,2,256,120250377
progressive-bench,3,16384,2,0,256,120274853
progressive-bench,3,16384,2,1,256,14785146
progressive-bench,3,16384,3,0,256,121065382
progressive-bench,3,16384,3,1,256,14934918
progressive-bench,3,16384,3,2,256,122009031
progressive-bench,3,16384,4,1,256,14811445
progressive-bench,3,16384,4,2,256,122700875
progressive-bench,3,16384,4,0,256,121602525
progressive-bench,3,16384,5,2,256,121556217
progressive-bench,3,16384,5,0,256,122205692
progressive-bench,3,16384,5,1,256,14736073
progressive-bench,3,16384,6,0,256,123003535
progressive-bench,3,16384,6,1,256,14868402
progressive-bench,3,16384,6,2,256,123488830
progressive-bench,3,16384,7,1,256,14969433
progressive-bench,3,16384,7,2,256,122855387
progressive-bench,3,16384,7,0,256,123040435
progressive-bench,3,16384,8,2,256,122644418
progressive-bench,3,16384,8,0,256,122602620
progressive-bench,3,16384,8,1,256,14731184
progressive-bench,3,16384,9,0,256,122682650
progressive-bench,3,16384,9,1,256,14741894
progressive-bench,3,16384,9,2,256,121955600
progressive-bench,3,16384,10,1,256,14746984
progressive-bench,3,16384,10,2,256,120583634
progressive-bench,3,16384,10,0,256,120738086
progressive-backend,3,65536,avx2
progressive-bench,3,65536,0,0,64,122669395
progressive-bench,3,65536,0,1,64,15162567
progressive-bench,3,65536,0,2,64,121691774
progressive-bench,3,65536,1,1,64,14903028
progressive-bench,3,65536,1,2,64,121108293
progressive-bench,3,65536,1,0,64,120982276
progressive-bench,3,65536,2,2,64,121382821
progressive-bench,3,65536,2,0,64,119601524
progressive-bench,3,65536,2,1,64,15038163
progressive-bench,3,65536,3,0,64,119746858
progressive-bench,3,65536,3,1,64,14891436
progressive-bench,3,65536,3,2,64,119820406
progressive-bench,3,65536,4,1,64,14913879
progressive-bench,3,65536,4,2,64,119837098
progressive-bench,3,65536,4,0,64,120112386
progressive-bench,3,65536,5,2,64,121060804
progressive-bench,3,65536,5,0,64,121960119
progressive-bench,3,65536,5,1,64,15784920
progressive-bench,3,65536,6,0,64,123288502
progressive-bench,3,65536,6,1,64,15317980
progressive-bench,3,65536,6,2,64,122322351
progressive-bench,3,65536,7,1,64,15104989
progressive-bench,3,65536,7,2,64,122112186
progressive-bench,3,65536,7,0,64,131219800
progressive-bench,3,65536,8,2,64,124162890
progressive-bench,3,65536,8,0,64,125031588
progressive-bench,3,65536,8,1,64,15249591
progressive-bench,3,65536,9,0,64,123025156
progressive-bench,3,65536,9,1,64,15171344
progressive-bench,3,65536,9,2,64,122157380
progressive-bench,3,65536,10,1,64,15028104
progressive-bench,3,65536,10,2,64,120561052
progressive-bench,3,65536,10,0,64,120451225
progressive-backend,3,1048576,avx2
progressive-bench,3,1048576,0,0,4,120870586
progressive-bench,3,1048576,0,1,4,14955958
progressive-bench,3,1048576,0,2,4,120823857
progressive-bench,3,1048576,1,1,4,14948944
progressive-bench,3,1048576,1,2,4,120643438
progressive-bench,3,1048576,1,0,4,120423793
progressive-bench,3,1048576,2,2,4,121158298
progressive-bench,3,1048576,2,0,4,121251984
progressive-bench,3,1048576,2,1,4,14902286
progressive-bench,3,1048576,3,0,4,121525781
progressive-bench,3,1048576,3,1,4,15330443
progressive-bench,3,1048576,3,2,4,120466373
progressive-bench,3,1048576,4,1,4,14955176
progressive-bench,3,1048576,4,2,4,120871327
progressive-bench,3,1048576,4,0,4,120460112
progressive-bench,3,1048576,5,2,4,121202851
progressive-bench,3,1048576,5,0,4,122145529
progressive-bench,3,1048576,5,1,4,15264399
progressive-bench,3,1048576,6,0,4,123384083
progressive-bench,3,1048576,6,1,4,15204626
progressive-bench,3,1048576,6,2,4,123252424
progressive-bench,3,1048576,7,1,4,15175682
progressive-bench,3,1048576,7,2,4,120589686
progressive-bench,3,1048576,7,0,4,120677982
progressive-bench,3,1048576,8,2,4,120513282
progressive-bench,3,1048576,8,0,4,120705334
progressive-bench,3,1048576,8,1,4,14947442
progressive-bench,3,1048576,9,0,4,121198895
progressive-bench,3,1048576,9,1,4,15191992
progressive-bench,3,1048576,9,2,4,121086823
progressive-bench,3,1048576,10,1,4,14979292
progressive-bench,3,1048576,10,2,4,120958371
progressive-bench,3,1048576,10,0,4,120967518
ok

test result: ok. 1 passed; 0 failed; 0 ignored; 0 measured; 286 filtered out; finished in 49.59s

