    Finished `release` profile [optimized] target(s) in 0.00s
     Running unittests src/lib.rs (target/progressive-measure/1.99.0/release/deps/base64_ng-66838967a23aa810)

running 1 test
progressive-backend,0,4096,avx2
progressive-bench,0,4096,0,0,1024,518006
progressive-bench,0,4096,0,1,1024,685773
progressive-bench,0,4096,0,2,1024,628624
progressive-bench,0,4096,1,1,1024,717733
progressive-bench,0,4096,1,2,1024,575284
progressive-bench,0,4096,1,0,1024,520511
progressive-bench,0,4096,2,2,1024,731689
progressive-bench,0,4096,2,0,1024,515652
progressive-bench,0,4096,2,1,1024,696252
progressive-bench,0,4096,3,0,1024,520331
progressive-bench,0,4096,3,1,1024,695170
progressive-bench,0,4096,3,2,1024,610751
progressive-bench,0,4096,4,1,1024,723594
progressive-bench,0,4096,4,2,1024,577108
progressive-bench,0,4096,4,0,1024,521202
progressive-bench,0,4096,5,2,1024,574914
progressive-bench,0,4096,5,0,1024,525440
progressive-bench,0,4096,5,1,1024,695310
progressive-bench,0,4096,6,0,1024,543735
progressive-bench,0,4096,6,1,1024,742390
progressive-bench,0,4096,6,2,1024,577088
progressive-bench,0,4096,7,1,1024,693507
progressive-bench,0,4096,7,2,1024,578140
progressive-bench,0,4096,7,0,1024,516213
progressive-bench,0,4096,8,2,1024,593388
progressive-bench,0,4096,8,0,1024,520952
progressive-bench,0,4096,8,1,1024,702765
progressive-bench,0,4096,9,0,1024,525150
progressive-bench,0,4096,9,1,1024,755574
progressive-bench,0,4096,9,2,1024,599751
progressive-bench,0,4096,10,1,1024,697043
progressive-bench,0,4096,10,2,1024,675353
progressive-bench,0,4096,10,0,1024,521673
progressive-backend,0,16384,avx2
progressive-bench,0,16384,0,0,256,426284
progressive-bench,0,16384,0,1,256,608216
progressive-bench,0,16384,0,2,256,449447
progressive-bench,0,16384,1,1,256,607084
progressive-bench,0,16384,1,2,256,444218
progressive-bench,0,16384,1,0,256,433828
progressive-bench,0,16384,2,2,256,442574
progressive-bench,0,16384,2,0,256,428648
progressive-bench,0,16384,2,1,256,607145
progressive-bench,0,16384,3,0,256,452213
progressive-bench,0,16384,3,1,256,595162
progressive-bench,0,16384,3,2,256,450249
progressive-bench,0,16384,4,1,256,597437
progressive-bench,0,16384,4,2,256,464475
progressive-bench,0,16384,4,0,256,437053
progressive-bench,0,16384,5,2,256,451490
progressive-bench,0,16384,5,0,256,433356
progressive-bench,0,16384,5,1,256,615109
progressive-bench,0,16384,6,0,256,450539
progressive-bench,0,16384,6,1,256,616662
progressive-bench,0,16384,6,2,256,450980
progressive-bench,0,16384,7,1,256,604459
progressive-bench,0,16384,7,2,256,450790
progressive-bench,0,16384,7,0,256,436673
progressive-bench,0,16384,8,2,256,487399
progressive-bench,0,16384,8,0,256,447003
progressive-bench,0,16384,8,1,256,635989
progressive-bench,0,16384,9,0,256,551910
progressive-bench,0,16384,9,1,256,603918
progressive-bench,0,16384,9,2,256,522324
progressive-bench,0,16384,10,1,256,590112
progressive-bench,0,16384,10,2,256,440179
progressive-bench,0,16384,10,0,256,426765
progressive-backend,0,65536,avx2
progressive-bench,0,65536,0,0,64,519368
progressive-bench,0,65536,0,1,64,575354
progressive-bench,0,65536,0,2,64,413219
progressive-bench,0,65536,1,1,64,620159
progressive-bench,0,65536,1,2,64,417336
progressive-bench,0,65536,1,0,64,411736
progressive-bench,0,65536,2,2,64,411225
progressive-bench,0,65536,2,0,64,409702
progressive-bench,0,65536,2,1,64,643122
progressive-bench,0,65536,3,0,64,421594
progressive-bench,0,65536,3,1,64,584311
progressive-bench,0,65536,3,2,64,416204
progressive-bench,0,65536,4,1,64,668741
progressive-bench,0,65536,4,2,64,448496
progressive-bench,0,65536,4,0,64,404833
progressive-bench,0,65536,5,2,64,411516
progressive-bench,0,65536,5,0,64,468834
progressive-bench,0,65536,5,1,64,642572
progressive-bench,0,65536,6,0,64,419119
progressive-bench,0,65536,6,1,64,591004
progressive-bench,0,65536,6,2,64,471198
progressive-bench,0,65536,7,1,64,634365
progressive-bench,0,65536,7,2,64,413519
progressive-bench,0,65536,7,0,64,409442
progressive-bench,0,65536,8,2,64,468533
progressive-bench,0,65536,8,0,64,483281
progressive-bench,0,65536,8,1,64,584151
progressive-bench,0,65536,9,0,64,425111
progressive-bench,0,65536,9,1,64,566367
progressive-bench,0,65536,9,2,64,416555
progressive-bench,0,65536,10,1,64,564233
progressive-bench,0,65536,10,2,64,413369
progressive-bench,0,65536,10,0,64,446752
progressive-backend,0,1048576,avx2
progressive-bench,0,1048576,0,0,4,401607
progressive-bench,0,1048576,0,1,4,571828
progressive-bench,0,1048576,0,2,4,400886
progressive-bench,0,1048576,1,1,4,577879
progressive-bench,0,1048576,1,2,4,411676
progressive-bench,0,1048576,1,0,4,454327
progressive-bench,0,1048576,2,2,4,411045
progressive-bench,0,1048576,2,0,4,410694
progressive-bench,0,1048576,2,1,4,598969
progressive-bench,0,1048576,3,0,4,488821
progressive-bench,0,1048576,3,1,4,590683
progressive-bench,0,1048576,3,2,4,407247
progressive-bench,0,1048576,4,1,4,574683
progressive-bench,0,1048576,4,2,4,402729
progressive-bench,0,1048576,4,0,4,397369
progressive-bench,0,1048576,5,2,4,401476
progressive-bench,0,1048576,5,0,4,407248
progressive-bench,0,1048576,5,1,4,584712
progressive-bench,0,1048576,6,0,4,411215
progressive-bench,0,1048576,6,1,4,576105
progressive-bench,0,1048576,6,2,4,409612
progressive-bench,0,1048576,7,1,4,575324
progressive-bench,0,1048576,7,2,4,409352
progressive-bench,0,1048576,7,0,4,409752
progressive-bench,0,1048576,8,2,4,409091
progressive-bench,0,1048576,8,0,4,416044
progressive-bench,0,1048576,8,1,4,582007
progressive-bench,0,1048576,9,0,4,409191
progressive-bench,0,1048576,9,1,4,581726
progressive-bench,0,1048576,9,2,4,398701
progressive-bench,0,1048576,10,1,4,561528
progressive-bench,0,1048576,10,2,4,417988
progressive-bench,0,1048576,10,0,4,404192
progressive-backend,1,4096,avx2
progressive-bench,1,4096,0,0,1024,544557
progressive-bench,1,4096,0,1,1024,705008
progressive-bench,1,4096,0,2,1024,658310
progressive-bench,1,4096,1,1,1024,718033
progressive-bench,1,4096,1,2,1024,664632
progressive-bench,1,4096,1,0,1024,525671
progressive-bench,1,4096,2,2,1024,671235
progressive-bench,1,4096,2,0,1024,528856
progressive-bench,1,4096,2,1,1024,722001
progressive-bench,1,4096,3,0,1024,539687
progressive-bench,1,4096,3,1,1024,723554
progressive-bench,1,4096,3,2,1024,676224
progressive-bench,1,4096,4,1,1024,726720
progressive-bench,1,4096,4,2,1024,670194
progressive-bench,1,4096,4,0,1024,554746
progressive-bench,1,4096,5,2,1024,677567
progressive-bench,1,4096,5,0,1024,532474
progressive-bench,1,4096,5,1,1024,716961
progressive-bench,1,4096,6,0,1024,525019
progressive-bench,1,4096,6,1,1024,714957
progressive-bench,1,4096,6,2,1024,674642
progressive-bench,1,4096,7,1,1024,720698
progressive-bench,1,4096,7,2,1024,672637
progressive-bench,1,4096,7,0,1024,536291
progressive-bench,1,4096,8,2,1024,670534
progressive-bench,1,4096,8,0,1024,535630
progressive-bench,1,4096,8,1,1024,714106
progressive-bench,1,4096,9,0,1024,536020
progressive-bench,1,4096,9,1,1024,713786
progressive-bench,1,4096,9,2,1024,770862
progressive-bench,1,4096,10,1,1024,1013630
progressive-bench,1,4096,10,2,1024,700010
progressive-bench,1,4096,10,0,1024,585453
progressive-backend,1,16384,avx2
progressive-bench,1,16384,0,0,256,433096
progressive-bench,1,16384,0,1,256,611141
progressive-bench,1,16384,0,2,256,471809
progressive-bench,1,16384,1,1,256,684359
progressive-bench,1,16384,1,2,256,480115
progressive-bench,1,16384,1,0,256,438657
progressive-bench,1,16384,2,2,256,483090
progressive-bench,1,16384,2,0,256,502617
progressive-bench,1,16384,2,1,256,617013
progressive-bench,1,16384,3,0,256,437033
progressive-bench,1,16384,3,1,256,664572
progressive-bench,1,16384,3,2,256,488280
progressive-bench,1,16384,4,1,256,614127
progressive-bench,1,16384,4,2,256,473212
progressive-bench,1,16384,4,0,256,500824
progressive-bench,1,16384,5,2,256,476208
progressive-bench,1,16384,5,0,256,444769
progressive-bench,1,16384,5,1,256,621952
progressive-bench,1,16384,6,0,256,492187
progressive-bench,1,16384,6,1,256,636399
progressive-bench,1,16384,6,2,256,472541
progressive-bench,1,16384,7,1,256,620209
progressive-bench,1,16384,7,2,256,550999
progressive-bench,1,16384,7,0,256,450519
progressive-bench,1,16384,8,2,256,473493
progressive-bench,1,16384,8,0,256,446872
progressive-bench,1,16384,8,1,256,665064
progressive-bench,1,16384,9,0,256,433287
progressive-bench,1,16384,9,1,256,592918
progressive-bench,1,16384,9,2,256,466720
progressive-bench,1,16384,10,1,256,664092
progressive-bench,1,16384,10,2,256,472651
progressive-bench,1,16384,10,0,256,432315
progressive-backend,1,65536,avx2
progressive-bench,1,65536,0,0,64,412547
progressive-bench,1,65536,0,1,64,635748
progressive-bench,1,65536,0,2,64,421173
progressive-bench,1,65536,1,1,64,581967
progressive-bench,1,65536,1,2,64,421354
progressive-bench,1,65536,1,0,64,461570
progressive-bench,1,65536,2,2,64,423829
progressive-bench,1,65536,2,0,64,415463
progressive-bench,1,65536,2,1,64,582708
progressive-bench,1,65536,3,0,64,428868
progressive-bench,1,65536,3,1,64,620420
progressive-bench,1,65536,3,2,64,421014
progressive-bench,1,65536,4,1,64,578520
progressive-bench,1,65536,4,2,64,446522
progressive-bench,1,65536,4,0,64,432214
progressive-bench,1,65536,5,2,64,418498
progressive-bench,1,65536,5,0,64,413019
progressive-bench,1,65536,5,1,64,575195
progressive-bench,1,65536,6,0,64,467070
progressive-bench,1,65536,6,1,64,576095
progressive-bench,1,65536,6,2,64,424260
progressive-bench,1,65536,7,1,64,574122
progressive-bench,1,65536,7,2,64,481368
progressive-bench,1,65536,7,0,64,409962
progressive-bench,1,65536,8,2,64,424630
progressive-bench,1,65536,8,0,64,410283
progressive-bench,1,65536,8,1,64,636370
progressive-bench,1,65536,9,0,64,417657
progressive-bench,1,65536,9,1,64,583791
progressive-bench,1,65536,9,2,64,419611
progressive-bench,1,65536,10,1,64,636569
progressive-bench,1,65536,10,2,64,418730
progressive-bench,1,65536,10,0,64,415182
progressive-backend,1,1048576,avx2
progressive-bench,1,1048576,0,0,4,446572
progressive-bench,1,1048576,0,1,4,570295
progressive-bench,1,1048576,0,2,4,406206
progressive-bench,1,1048576,1,1,4,628644
progressive-bench,1,1048576,1,2,4,408349
progressive-bench,1,1048576,1,0,4,404161
progressive-bench,1,1048576,2,2,4,409752
progressive-bench,1,1048576,2,0,4,448996
progressive-bench,1,1048576,2,1,4,579663
progressive-bench,1,1048576,3,0,4,414902
progressive-bench,1,1048576,3,1,4,624307
progressive-bench,1,1048576,3,2,4,405524
progressive-bench,1,1048576,4,1,4,575725
progressive-bench,1,1048576,4,2,4,455809
progressive-bench,1,1048576,4,0,4,415053
progressive-bench,1,1048576,5,2,4,403821
progressive-bench,1,1048576,5,0,4,405655
progressive-bench,1,1048576,5,1,4,635548
progressive-bench,1,1048576,6,0,4,408049
progressive-bench,1,1048576,6,1,4,578010
progressive-bench,1,1048576,6,2,4,452883
progressive-bench,1,1048576,7,1,4,574803
progressive-bench,1,1048576,7,2,4,404402
progressive-bench,1,1048576,7,0,4,446632
progressive-bench,1,1048576,8,2,4,410744
progressive-bench,1,1048576,8,0,4,412958
progressive-bench,1,1048576,8,1,4,578881
progressive-bench,1,1048576,9,0,4,412237
progressive-bench,1,1048576,9,1,4,573120
progressive-bench,1,1048576,9,2,4,407157
progressive-bench,1,1048576,10,1,4,597446
progressive-bench,1,1048576,10,2,4,416996
progressive-bench,1,1048576,10,0,4,404052
progressive-backend,2,4096,avx2
progressive-bench,2,4096,0,0,1024,530570
progressive-bench,2,4096,0,1,1024,706281
progressive-bench,2,4096,0,2,1024,595252
progressive-bench,2,4096,1,1,1024,706181
progressive-bench,2,4096,1,2,1024,586796
progressive-bench,2,4096,1,0,1024,534277
progressive-bench,2,4096,2,2,1024,589261
progressive-bench,2,4096,2,0,1024,536451
progressive-bench,2,4096,2,1,1024,705279
progressive-bench,2,4096,3,0,1024,538034
progressive-bench,2,4096,3,1,1024,703987
progressive-bench,2,4096,3,2,1024,586054
progressive-bench,2,4096,4,1,1024,693798
progressive-bench,2,4096,4,2,1024,591574
progressive-bench,2,4096,4,0,1024,532474
progressive-bench,2,4096,5,2,1024,588600
progressive-bench,2,4096,5,0,1024,537623
progressive-bench,2,4096,5,1,1024,702073
progressive-bench,2,4096,6,0,1024,538505
progressive-bench,2,4096,6,1,1024,696303
progressive-bench,2,4096,6,2,1024,585984
progressive-bench,2,4096,7,1,1024,698567
progressive-bench,2,4096,7,2,1024,584742
progressive-bench,2,4096,7,0,1024,545829
progressive-bench,2,4096,8,2,1024,587798
progressive-bench,2,4096,8,0,1024,537032
progressive-bench,2,4096,8,1,1024,703065
progressive-bench,2,4096,9,0,1024,534177
progressive-bench,2,4096,9,1,1024,702354
progressive-bench,2,4096,9,2,1024,590673
progressive-bench,2,4096,10,1,1024,693457
progressive-bench,2,4096,10,2,1024,585503
progressive-bench,2,4096,10,0,1024,529608
progressive-backend,2,16384,avx2
progressive-bench,2,16384,0,0,256,435110
progressive-bench,2,16384,0,1,256,592847
progressive-bench,2,16384,0,2,256,460157
progressive-bench,2,16384,1,1,256,596223
progressive-bench,2,16384,1,2,256,454156
progressive-bench,2,16384,1,0,256,436883
progressive-bench,2,16384,2,2,256,450670
progressive-bench,2,16384,2,0,256,440440
progressive-bench,2,16384,2,1,256,607085
progressive-bench,2,16384,3,0,256,447504
progressive-bench,2,16384,3,1,256,617995
progressive-bench,2,16384,3,2,256,448856
progressive-bench,2,16384,4,1,256,600512
progressive-bench,2,16384,4,2,256,450238
progressive-bench,2,16384,4,0,256,438396
progressive-bench,2,16384,5,2,256,450599
progressive-bench,2,16384,5,0,256,440941
progressive-bench,2,16384,5,1,256,605421
progressive-bench,2,16384,6,0,256,445570
progressive-bench,2,16384,6,1,256,601704
progressive-bench,2,16384,6,2,256,454577
progressive-bench,2,16384,7,1,256,603167
progressive-bench,2,16384,7,2,256,451991
progressive-bench,2,16384,7,0,256,438156
progressive-bench,2,16384,8,2,256,453424
progressive-bench,2,16384,8,0,256,436292
progressive-bench,2,16384,8,1,256,601614
progressive-bench,2,16384,9,0,256,440840
progressive-bench,2,16384,9,1,256,606403
progressive-bench,2,16384,9,2,256,451531
progressive-bench,2,16384,10,1,256,602996
progressive-bench,2,16384,10,2,256,449988
progressive-bench,2,16384,10,0,256,439789
progressive-backend,2,65536,avx2
progressive-bench,2,65536,0,0,64,411736
progressive-bench,2,65536,0,1,64,573000
progressive-bench,2,65536,0,2,64,419531
progressive-bench,2,65536,1,1,64,581867
progressive-bench,2,65536,1,2,64,417868
progressive-bench,2,65536,1,0,64,417888
progressive-bench,2,65536,2,2,64,419170
progressive-bench,2,65536,2,0,64,421965
progressive-bench,2,65536,2,1,64,580244
progressive-bench,2,65536,3,0,64,423117
progressive-bench,2,65536,3,1,64,574913
progressive-bench,2,65536,3,2,64,419952
progressive-bench,2,65536,4,1,64,572419
progressive-bench,2,65536,4,2,64,419741
progressive-bench,2,65536,4,0,64,415613
progressive-bench,2,65536,5,2,64,421475
progressive-bench,2,65536,5,0,64,416745
progressive-bench,2,65536,5,1,64,580834
progressive-bench,2,65536,6,0,64,416996
progressive-bench,2,65536,6,1,64,574462
progressive-bench,2,65536,6,2,64,416666
progressive-bench,2,65536,7,1,64,576938
progressive-bench,2,65536,7,2,64,418368
progressive-bench,2,65536,7,0,64,417066
progressive-bench,2,65536,8,2,64,425141
progressive-bench,2,65536,8,0,64,417167
progressive-bench,2,65536,8,1,64,581195
progressive-bench,2,65536,9,0,64,419261
progressive-bench,2,65536,9,1,64,583630
progressive-bench,2,65536,9,2,64,419420
progressive-bench,2,65536,10,1,64,586606
progressive-bench,2,65536,10,2,64,418829
progressive-bench,2,65536,10,0,64,419450
progressive-backend,2,1048576,avx2
progressive-bench,2,1048576,0,0,4,413118
progressive-bench,2,1048576,0,1,4,566408
progressive-bench,2,1048576,0,2,4,410323
progressive-bench,2,1048576,1,1,4,574142
progressive-bench,2,1048576,1,2,4,414171
progressive-bench,2,1048576,1,0,4,408951
progressive-bench,2,1048576,2,2,4,409943
progressive-bench,2,1048576,2,0,4,412468
progressive-bench,2,1048576,2,1,4,581786
progressive-bench,2,1048576,3,0,4,413940
progressive-bench,2,1048576,3,1,4,575034
progressive-bench,2,1048576,3,2,4,414741
progressive-bench,2,1048576,4,1,4,570966
progressive-bench,2,1048576,4,2,4,411165
progressive-bench,2,1048576,4,0,4,415964
progressive-bench,2,1048576,5,2,4,411796
progressive-bench,2,1048576,5,0,4,413610
progressive-bench,2,1048576,5,1,4,582939
progressive-bench,2,1048576,6,0,4,412468
progressive-bench,2,1048576,6,1,4,570164
progressive-bench,2,1048576,6,2,4,410274
progressive-bench,2,1048576,7,1,4,574042
progressive-bench,2,1048576,7,2,4,417226
progressive-bench,2,1048576,7,0,4,410264
progressive-bench,2,1048576,8,2,4,411425
progressive-bench,2,1048576,8,0,4,412908
progressive-bench,2,1048576,8,1,4,584461
progressive-bench,2,1048576,9,0,4,423618
progressive-bench,2,1048576,9,1,4,578390
progressive-bench,2,1048576,9,2,4,417617
progressive-bench,2,1048576,10,1,4,572158
progressive-bench,2,1048576,10,2,4,409181
progressive-bench,2,1048576,10,0,4,412087
progressive-backend,3,4096,avx2
progressive-bench,3,4096,0,0,1024,528355
progressive-bench,3,4096,0,1,1024,709117
progressive-bench,3,4096,0,2,1024,668300
progressive-bench,3,4096,1,1,1024,700741
progressive-bench,3,4096,1,2,1024,663791
progressive-bench,3,4096,1,0,1024,528095
progressive-bench,3,4096,2,2,1024,662198
progressive-bench,3,4096,2,0,1024,527804
progressive-bench,3,4096,2,1,1024,702214
progressive-bench,3,4096,3,0,1024,525982
progressive-bench,3,4096,3,1,1024,703105
progressive-bench,3,4096,3,2,1024,662389
progressive-bench,3,4096,4,1,1024,703145
progressive-bench,3,4096,4,2,1024,657910
progressive-bench,3,4096,4,0,1024,517846
progressive-bench,3,4096,5,2,1024,659684
progressive-bench,3,4096,5,0,1024,528576
progressive-bench,3,4096,5,1,1024,725267
progressive-bench,3,4096,6,0,1024,527565
progressive-bench,3,4096,6,1,1024,696202
progressive-bench,3,4096,6,2,1024,661106
progressive-bench,3,4096,7,1,1024,698176
progressive-bench,3,4096,7,2,1024,659523
progressive-bench,3,4096,7,0,1024,527965
progressive-bench,3,4096,8,2,1024,681264
progressive-bench,3,4096,8,0,1024,527855
progressive-bench,3,4096,8,1,1024,709036
progressive-bench,3,4096,9,0,1024,538474
progressive-bench,3,4096,9,1,1024,711792
progressive-bench,3,4096,9,2,1024,668991
progressive-bench,3,4096,10,1,1024,718645
progressive-bench,3,4096,10,2,1024,666376
progressive-bench,3,4096,10,0,1024,535990
progressive-backend,3,16384,avx2
progressive-bench,3,16384,0,0,256,442244
progressive-bench,3,16384,0,1,256,624568
progressive-bench,3,16384,0,2,256,475215
progressive-bench,3,16384,1,1,256,611222
progressive-bench,3,16384,1,2,256,476248
progressive-bench,3,16384,1,0,256,443766
progressive-bench,3,16384,2,2,256,472000
progressive-bench,3,16384,2,0,256,441232
progressive-bench,3,16384,2,1,256,604269
progressive-bench,3,16384,3,0,256,442013
progressive-bench,3,16384,3,1,256,605531
progressive-bench,3,16384,3,2,256,476158
progressive-bench,3,16384,4,1,256,610520
progressive-bench,3,16384,4,2,256,475997
progressive-bench,3,16384,4,0,256,444458
progressive-bench,3,16384,5,2,256,478843
progressive-bench,3,16384,5,0,256,444037
progressive-bench,3,16384,5,1,256,616422
progressive-bench,3,16384,6,0,256,444919
progressive-bench,3,16384,6,1,256,613416
progressive-bench,3,16384,6,2,256,475667
progressive-bench,3,16384,7,1,256,604409
progressive-bench,3,16384,7,2,256,476849
progressive-bench,3,16384,7,0,256,441131
progressive-bench,3,16384,8,2,256,478442
progressive-bench,3,16384,8,0,256,503128
progressive-bench,3,16384,8,1,256,608056
progressive-bench,3,16384,9,0,256,434799
progressive-bench,3,16384,9,1,256,606913
progressive-bench,3,16384,9,2,256,473833
progressive-bench,3,16384,10,1,256,612485
progressive-bench,3,16384,10,2,256,475486
progressive-bench,3,16384,10,0,256,452863
progressive-backend,3,65536,avx2
progressive-bench,3,65536,0,0,64,419370
progressive-bench,3,65536,0,1,64,586365
progressive-bench,3,65536,0,2,64,430782
progressive-bench,3,65536,1,1,64,586616
progressive-bench,3,65536,1,2,64,429360
progressive-bench,3,65536,1,0,64,423157
progressive-bench,3,65536,2,2,64,429589
progressive-bench,3,65536,2,0,64,422997
progressive-bench,3,65536,2,1,64,581766
progressive-bench,3,65536,3,0,64,424039
progressive-bench,3,65536,3,1,64,581947
progressive-bench,3,65536,3,2,64,434759
progressive-bench,3,65536,4,1,64,587277
progressive-bench,3,65536,4,2,64,432445
progressive-bench,3,65536,4,0,64,418088
progressive-bench,3,65536,5,2,64,427145
progressive-bench,3,65536,5,0,64,413559
progressive-bench,3,65536,5,1,64,580884
progressive-bench,3,65536,6,0,64,420693
progressive-bench,3,65536,6,1,64,576817
progressive-bench,3,65536,6,2,64,423708
progressive-bench,3,65536,7,1,64,574503
progressive-bench,3,65536,7,2,64,422276
progressive-bench,3,65536,7,0,64,418088
progressive-bench,3,65536,8,2,64,427556
progressive-bench,3,65536,8,0,64,416354
progressive-bench,3,65536,8,1,64,579913
progressive-bench,3,65536,9,0,64,423869
progressive-bench,3,65536,9,1,64,588680
progressive-bench,3,65536,9,2,64,424019
progressive-bench,3,65536,10,1,64,575245
progressive-bench,3,65536,10,2,64,423829
progressive-bench,3,65536,10,0,64,451872
progressive-backend,3,1048576,avx2
progressive-bench,3,1048576,0,0,4,411015
progressive-bench,3,1048576,0,1,4,568542
progressive-bench,3,1048576,0,2,4,412347
progressive-bench,3,1048576,1,1,4,581486
progressive-bench,3,1048576,1,2,4,418599
progressive-bench,3,1048576,1,0,4,409933
progressive-bench,3,1048576,2,2,4,420122
progressive-bench,3,1048576,2,0,4,411435
progressive-bench,3,1048576,2,1,4,581306
progressive-bench,3,1048576,3,0,4,418058
progressive-bench,3,1048576,3,1,4,571166
progressive-bench,3,1048576,3,2,4,410414
progressive-bench,3,1048576,4,1,4,575084
progressive-bench,3,1048576,4,2,4,422206
progressive-bench,3,1048576,4,0,4,420483
progressive-bench,3,1048576,5,2,4,415063
progressive-bench,3,1048576,5,0,4,422036
progressive-bench,3,1048576,5,1,4,597165
progressive-bench,3,1048576,6,0,4,410814
progressive-bench,3,1048576,6,1,4,593909
progressive-bench,3,1048576,6,2,4,417807
progressive-bench,3,1048576,7,1,4,570786
progressive-bench,3,1048576,7,2,4,414300
progressive-bench,3,1048576,7,0,4,406005
progressive-bench,3,1048576,8,2,4,425562
progressive-bench,3,1048576,8,0,4,417166
progressive-bench,3,1048576,8,1,4,575565
progressive-bench,3,1048576,9,0,4,436141
progressive-bench,3,1048576,9,1,4,573671
progressive-bench,3,1048576,9,2,4,414742
progressive-bench,3,1048576,10,1,4,630648
progressive-bench,3,1048576,10,2,4,416164
progressive-bench,3,1048576,10,0,4,411255
ok

test result: ok. 1 passed; 0 failed; 0 ignored; 0 measured; 278 filtered out; finished in 0.30s

