   Compiling base64-ng v2.1.0 (<REPOSITORY>)
    Finished `release` profile [optimized] target(s) in 2.70s
     Running unittests src/lib.rs (target/progressive-measure/1.99.0/release/deps/base64_ng-66838967a23aa810)

running 1 test
progressive-backend,0,4096,avx2
progressive-bench,0,4096,0,0,1024,553604
progressive-bench,0,4096,0,1,1024,715038
progressive-bench,0,4096,0,2,1024,661056
progressive-bench,0,4096,1,1,1024,691003
progressive-bench,0,4096,1,2,1024,576807
progressive-bench,0,4096,1,0,1024,522545
progressive-bench,0,4096,2,2,1024,577248
progressive-bench,0,4096,2,0,1024,517916
progressive-bench,0,4096,2,1,1024,695060
progressive-bench,0,4096,3,0,1024,524619
progressive-bench,0,4096,3,1,1024,688628
progressive-bench,0,4096,3,2,1024,576046
progressive-bench,0,4096,4,1,1024,696824
progressive-bench,0,4096,4,2,1024,574112
progressive-bench,0,4096,4,0,1024,581406
progressive-bench,0,4096,5,2,1024,584932
progressive-bench,0,4096,5,0,1024,515612
progressive-bench,0,4096,5,1,1024,733583
progressive-bench,0,4096,6,0,1024,529768
progressive-bench,0,4096,6,1,1024,710509
progressive-bench,0,4096,6,2,1024,584431
progressive-bench,0,4096,7,1,1024,689900
progressive-bench,0,4096,7,2,1024,622674
progressive-bench,0,4096,7,0,1024,533566
progressive-bench,0,4096,8,2,1024,583450
progressive-bench,0,4096,8,0,1024,523086
progressive-bench,0,4096,8,1,1024,729595
progressive-bench,0,4096,9,0,1024,536691
progressive-bench,0,4096,9,1,1024,698427
progressive-bench,0,4096,9,2,1024,616191
progressive-bench,0,4096,10,1,1024,697574
progressive-bench,0,4096,10,2,1024,592216
progressive-bench,0,4096,10,0,1024,611151
progressive-backend,0,16384,avx2
progressive-bench,0,16384,0,0,256,444738
progressive-bench,0,16384,0,1,256,597206
progressive-bench,0,16384,0,2,256,448655
progressive-bench,0,16384,1,1,256,653732
progressive-bench,0,16384,1,2,256,446462
progressive-bench,0,16384,1,0,256,428768
progressive-bench,0,16384,2,2,256,448264
progressive-bench,0,16384,2,0,256,434458
progressive-bench,0,16384,2,1,256,669702
progressive-bench,0,16384,3,0,256,443195
progressive-bench,0,16384,3,1,256,609719
progressive-bench,0,16384,3,2,256,529027
progressive-bench,0,16384,4,1,256,607024
progressive-bench,0,16384,4,2,256,451060
progressive-bench,0,16384,4,0,256,432385
progressive-bench,0,16384,5,2,256,521773
progressive-bench,0,16384,5,0,256,442253
progressive-bench,0,16384,5,1,256,606363
progressive-bench,0,16384,6,0,256,439488
progressive-bench,0,16384,6,1,256,671576
progressive-bench,0,16384,6,2,256,471238
progressive-bench,0,16384,7,1,256,609359
progressive-bench,0,16384,7,2,256,453685
progressive-bench,0,16384,7,0,256,503599
progressive-bench,0,16384,8,2,256,451932
progressive-bench,0,16384,8,0,256,443176
progressive-bench,0,16384,8,1,256,603888
progressive-bench,0,16384,9,0,256,506114
progressive-bench,0,16384,9,1,256,603758
progressive-bench,0,16384,9,2,256,457743
progressive-bench,0,16384,10,1,256,597386
progressive-bench,0,16384,10,2,256,527134
progressive-bench,0,16384,10,0,256,436163
progressive-backend,0,65536,avx2
progressive-bench,0,65536,0,0,64,414962
progressive-bench,0,65536,0,1,64,579302
progressive-bench,0,65536,0,2,64,547903
progressive-bench,0,65536,1,1,64,585093
progressive-bench,0,65536,1,2,64,411996
progressive-bench,0,65536,1,0,64,461670
progressive-bench,0,65536,2,2,64,411666
progressive-bench,0,65536,2,0,64,407818
progressive-bench,0,65536,2,1,64,640578
progressive-bench,0,65536,3,0,64,415202
progressive-bench,0,65536,3,1,64,583870
progressive-bench,0,65536,3,2,64,413890
progressive-bench,0,65536,4,1,64,646889
progressive-bench,0,65536,4,2,64,427836
progressive-bench,0,65536,4,0,64,416264
progressive-bench,0,65536,5,2,64,417857
progressive-bench,0,65536,5,0,64,420603
progressive-bench,0,65536,5,1,64,641680
progressive-bench,0,65536,6,0,64,423087
progressive-bench,0,65536,6,1,64,586265
progressive-bench,0,65536,6,2,64,451801
progressive-bench,0,65536,7,1,64,614689
progressive-bench,0,65536,7,2,64,413509
progressive-bench,0,65536,7,0,64,426574
progressive-bench,0,65536,8,2,64,422376
progressive-bench,0,65536,8,0,64,475636
progressive-bench,0,65536,8,1,64,589791
progressive-bench,0,65536,9,0,64,436342
progressive-bench,0,65536,9,1,64,592257
progressive-bench,0,65536,9,2,64,481728
progressive-bench,0,65536,10,1,64,573130
progressive-bench,0,65536,10,2,64,421835
progressive-bench,0,65536,10,0,64,410814
progressive-backend,0,1048576,avx2
progressive-bench,0,1048576,0,0,4,406085
progressive-bench,0,1048576,0,1,4,581015
progressive-bench,0,1048576,0,2,4,409752
progressive-bench,0,1048576,1,1,4,583370
progressive-bench,0,1048576,1,2,4,408710
progressive-bench,0,1048576,1,0,4,413590
progressive-bench,0,1048576,2,2,4,412137
progressive-bench,0,1048576,2,0,4,416796
progressive-bench,0,1048576,2,1,4,592417
progressive-bench,0,1048576,3,0,4,414181
progressive-bench,0,1048576,3,1,4,586455
progressive-bench,0,1048576,3,2,4,408911
progressive-bench,0,1048576,4,1,4,576377
progressive-bench,0,1048576,4,2,4,410243
progressive-bench,0,1048576,4,0,4,408920
progressive-bench,0,1048576,5,2,4,418429
progressive-bench,0,1048576,5,0,4,412187
progressive-bench,0,1048576,5,1,4,590172
progressive-bench,0,1048576,6,0,4,420072
progressive-bench,0,1048576,6,1,4,579492
progressive-bench,0,1048576,6,2,4,435060
progressive-bench,0,1048576,7,1,4,586165
progressive-bench,0,1048576,7,2,4,410363
progressive-bench,0,1048576,7,0,4,415853
progressive-bench,0,1048576,8,2,4,414772
progressive-bench,0,1048576,8,0,4,411255
progressive-bench,0,1048576,8,1,4,591816
progressive-bench,0,1048576,9,0,4,411335
progressive-bench,0,1048576,9,1,4,585744
progressive-bench,0,1048576,9,2,4,414361
progressive-bench,0,1048576,10,1,4,574202
progressive-bench,0,1048576,10,2,4,411676
progressive-bench,0,1048576,10,0,4,410443
progressive-backend,1,4096,avx2
progressive-bench,1,4096,0,0,1024,533135
progressive-bench,1,4096,0,1,1024,713185
progressive-bench,1,4096,0,2,1024,675683
progressive-bench,1,4096,1,1,1024,710309
progressive-bench,1,4096,1,2,1024,689129
progressive-bench,1,4096,1,0,1024,530189
progressive-bench,1,4096,2,2,1024,681945
progressive-bench,1,4096,2,0,1024,538796
progressive-bench,1,4096,2,1,1024,709777
progressive-bench,1,4096,3,0,1024,539396
progressive-bench,1,4096,3,1,1024,711141
progressive-bench,1,4096,3,2,1024,683157
progressive-bench,1,4096,4,1,1024,710239
progressive-bench,1,4096,4,2,1024,705710
progressive-bench,1,4096,4,0,1024,532905
progressive-bench,1,4096,5,2,1024,683027
progressive-bench,1,4096,5,0,1024,534948
progressive-bench,1,4096,5,1,1024,709147
progressive-bench,1,4096,6,0,1024,538034
progressive-bench,1,4096,6,1,1024,705269
progressive-bench,1,4096,6,2,1024,681835
progressive-bench,1,4096,7,1,1024,712963
progressive-bench,1,4096,7,2,1024,698586
progressive-bench,1,4096,7,0,1024,552692
progressive-bench,1,4096,8,2,1024,956513
progressive-bench,1,4096,8,0,1024,740416
progressive-bench,1,4096,8,1,1024,962805
progressive-bench,1,4096,9,0,1024,713174
progressive-bench,1,4096,9,1,1024,924492
progressive-bench,1,4096,9,2,1024,921807
progressive-bench,1,4096,10,1,1024,1078693
progressive-bench,1,4096,10,2,1024,932478
progressive-bench,1,4096,10,0,1024,777715
progressive-backend,1,16384,avx2
progressive-bench,1,16384,0,0,256,599480
progressive-bench,1,16384,0,1,256,851836
progressive-bench,1,16384,0,2,256,611974
progressive-bench,1,16384,1,1,256,807802
progressive-bench,1,16384,1,2,256,629166
progressive-bench,1,16384,1,0,256,606073
progressive-bench,1,16384,2,2,256,693577
progressive-bench,1,16384,2,0,256,589811
progressive-bench,1,16384,2,1,256,807923
progressive-bench,1,16384,3,0,256,636559
progressive-bench,1,16384,3,1,256,835645
progressive-bench,1,16384,3,2,256,656878
progressive-bench,1,16384,4,1,256,801641
progressive-bench,1,16384,4,2,256,614739
progressive-bench,1,16384,4,0,256,558452
progressive-bench,1,16384,5,2,256,667748
progressive-bench,1,16384,5,0,256,612635
progressive-bench,1,16384,5,1,256,858498
progressive-bench,1,16384,6,0,256,589832
progressive-bench,1,16384,6,1,256,805168
progressive-bench,1,16384,6,2,256,696643
progressive-bench,1,16384,7,1,256,824594
progressive-bench,1,16384,7,2,256,674883
progressive-bench,1,16384,7,0,256,495784
progressive-bench,1,16384,8,2,256,488431
progressive-bench,1,16384,8,0,256,451141
progressive-bench,1,16384,8,1,256,612565
progressive-bench,1,16384,9,0,256,454737
progressive-bench,1,16384,9,1,256,644445
progressive-bench,1,16384,9,2,256,484543
progressive-bench,1,16384,10,1,256,629286
progressive-bench,1,16384,10,2,256,491476
progressive-bench,1,16384,10,0,256,466950
progressive-backend,1,65536,avx2
progressive-bench,1,65536,0,0,64,418308
progressive-bench,1,65536,0,1,64,582016
progressive-bench,1,65536,0,2,64,422767
progressive-bench,1,65536,1,1,64,575655
progressive-bench,1,65536,1,2,64,421855
progressive-bench,1,65536,1,0,64,420823
progressive-bench,1,65536,2,2,64,429780
progressive-bench,1,65536,2,0,64,419300
progressive-bench,1,65536,2,1,64,594650
progressive-bench,1,65536,3,0,64,419862
progressive-bench,1,65536,3,1,64,582508
progressive-bench,1,65536,3,2,64,427847
progressive-bench,1,65536,4,1,64,584161
progressive-bench,1,65536,4,2,64,430331
progressive-bench,1,65536,4,0,64,417387
progressive-bench,1,65536,5,2,64,428478
progressive-bench,1,65536,5,0,64,423438
progressive-bench,1,65536,5,1,64,583329
progressive-bench,1,65536,6,0,64,423167
progressive-bench,1,65536,6,1,64,582077
progressive-bench,1,65536,6,2,64,460217
progressive-bench,1,65536,7,1,64,583339
progressive-bench,1,65536,7,2,64,429820
progressive-bench,1,65536,7,0,64,416224
progressive-bench,1,65536,8,2,64,427225
progressive-bench,1,65536,8,0,64,418770
progressive-bench,1,65536,8,1,64,583260
progressive-bench,1,65536,9,0,64,418980
progressive-bench,1,65536,9,1,64,641318
progressive-bench,1,65536,9,2,64,424310
progressive-bench,1,65536,10,1,64,585192
progressive-bench,1,65536,10,2,64,423879
progressive-bench,1,65536,10,0,64,417747
progressive-backend,1,1048576,avx2
progressive-bench,1,1048576,0,0,4,409862
progressive-bench,1,1048576,0,1,4,575425
progressive-bench,1,1048576,0,2,4,408820
progressive-bench,1,1048576,1,1,4,588559
progressive-bench,1,1048576,1,2,4,414471
progressive-bench,1,1048576,1,0,4,408650
progressive-bench,1,1048576,2,2,4,415042
progressive-bench,1,1048576,2,0,4,413579
progressive-bench,1,1048576,2,1,4,600412
progressive-bench,1,1048576,3,0,4,421495
progressive-bench,1,1048576,3,1,4,592577
progressive-bench,1,1048576,3,2,4,404122
progressive-bench,1,1048576,4,1,4,572009
progressive-bench,1,1048576,4,2,4,405915
progressive-bench,1,1048576,4,0,4,406957
progressive-bench,1,1048576,5,2,4,415883
progressive-bench,1,1048576,5,0,4,415113
progressive-bench,1,1048576,5,1,4,588229
progressive-bench,1,1048576,6,0,4,417737
progressive-bench,1,1048576,6,1,4,587538
progressive-bench,1,1048576,6,2,4,420082
progressive-bench,1,1048576,7,1,4,586446
progressive-bench,1,1048576,7,2,4,418980
progressive-bench,1,1048576,7,0,4,419270
progressive-bench,1,1048576,8,2,4,416625
progressive-bench,1,1048576,8,0,4,417547
progressive-bench,1,1048576,8,1,4,584271
progressive-bench,1,1048576,9,0,4,416495
progressive-bench,1,1048576,9,1,4,598457
progressive-bench,1,1048576,9,2,4,418309
progressive-bench,1,1048576,10,1,4,585954
progressive-bench,1,1048576,10,2,4,419270
progressive-bench,1,1048576,10,0,4,415513
progressive-backend,2,4096,avx2
progressive-bench,2,4096,0,0,1024,554425
progressive-bench,2,4096,0,1,1024,726139
progressive-bench,2,4096,0,2,1024,605441
progressive-bench,2,4096,1,1,1024,722111
progressive-bench,2,4096,1,2,1024,598127
progressive-bench,2,4096,1,0,1024,534487
progressive-bench,2,4096,2,2,1024,594100
progressive-bench,2,4096,2,0,1024,540789
progressive-bench,2,4096,2,1,1024,711961
progressive-bench,2,4096,3,0,1024,541350
progressive-bench,2,4096,3,1,1024,709688
progressive-bench,2,4096,3,2,1024,589401
progressive-bench,2,4096,4,1,1024,701402
progressive-bench,2,4096,4,2,1024,599880
progressive-bench,2,4096,4,0,1024,534718
progressive-bench,2,4096,5,2,1024,589240
progressive-bench,2,4096,5,0,1024,542813
progressive-bench,2,4096,5,1,1024,712313
progressive-bench,2,4096,6,0,1024,543124
progressive-bench,2,4096,6,1,1024,706922
progressive-bench,2,4096,6,2,1024,589792
progressive-bench,2,4096,7,1,1024,708375
progressive-bench,2,4096,7,2,1024,589562
progressive-bench,2,4096,7,0,1024,530820
progressive-bench,2,4096,8,2,1024,598348
progressive-bench,2,4096,8,0,1024,528136
progressive-bench,2,4096,8,1,1024,708445
progressive-bench,2,4096,9,0,1024,530740
progressive-bench,2,4096,9,1,1024,726059
progressive-bench,2,4096,9,2,1024,595512
progressive-bench,2,4096,10,1,1024,701912
progressive-bench,2,4096,10,2,1024,583711
progressive-bench,2,4096,10,0,1024,526242
progressive-backend,2,16384,avx2
progressive-bench,2,16384,0,0,256,441091
progressive-bench,2,16384,0,1,256,604920
progressive-bench,2,16384,0,2,256,456320
progressive-bench,2,16384,1,1,256,603828
progressive-bench,2,16384,1,2,256,457603
progressive-bench,2,16384,1,0,256,444948
progressive-bench,2,16384,2,2,256,457332
progressive-bench,2,16384,2,0,256,447263
progressive-bench,2,16384,2,1,256,604509
progressive-bench,2,16384,3,0,256,450499
progressive-bench,2,16384,3,1,256,607846
progressive-bench,2,16384,3,2,256,457442
progressive-bench,2,16384,4,1,256,602556
progressive-bench,2,16384,4,2,256,461841
progressive-bench,2,16384,4,0,256,444528
progressive-bench,2,16384,5,2,256,460288
progressive-bench,2,16384,5,0,256,443636
progressive-bench,2,16384,5,1,256,607425
progressive-bench,2,16384,6,0,256,447122
progressive-bench,2,16384,6,1,256,607966
progressive-bench,2,16384,6,2,256,464034
progressive-bench,2,16384,7,1,256,622824
progressive-bench,2,16384,7,2,256,458393
progressive-bench,2,16384,7,0,256,444588
progressive-bench,2,16384,8,2,256,456690
progressive-bench,2,16384,8,0,256,446882
progressive-bench,2,16384,8,1,256,604770
progressive-bench,2,16384,9,0,256,448816
progressive-bench,2,16384,9,1,256,605060
progressive-bench,2,16384,9,2,256,459777
progressive-bench,2,16384,10,1,256,600241
progressive-bench,2,16384,10,2,256,454377
progressive-bench,2,16384,10,0,256,441792
progressive-backend,2,65536,avx2
progressive-bench,2,65536,0,0,64,414922
progressive-bench,2,65536,0,1,64,575124
progressive-bench,2,65536,0,2,64,423798
progressive-bench,2,65536,1,1,64,577899
progressive-bench,2,65536,1,2,64,426363
progressive-bench,2,65536,1,0,64,416375
progressive-bench,2,65536,2,2,64,420552
progressive-bench,2,65536,2,0,64,418359
progressive-bench,2,65536,2,1,64,593338
progressive-bench,2,65536,3,0,64,418558
progressive-bench,2,65536,3,1,64,584261
progressive-bench,2,65536,3,2,64,422326
progressive-bench,2,65536,4,1,64,581767
progressive-bench,2,65536,4,2,64,423659
progressive-bench,2,65536,4,0,64,420983
progressive-bench,2,65536,5,2,64,421384
progressive-bench,2,65536,5,0,64,420413
progressive-bench,2,65536,5,1,64,583119
progressive-bench,2,65536,6,0,64,420563
progressive-bench,2,65536,6,1,64,583269
progressive-bench,2,65536,6,2,64,424480
progressive-bench,2,65536,7,1,64,576947
progressive-bench,2,65536,7,2,64,421144
progressive-bench,2,65536,7,0,64,414381
progressive-bench,2,65536,8,2,64,420122
progressive-bench,2,65536,8,0,64,416525
progressive-bench,2,65536,8,1,64,574773
progressive-bench,2,65536,9,0,64,423869
progressive-bench,2,65536,9,1,64,586786
progressive-bench,2,65536,9,2,64,425372
progressive-bench,2,65536,10,1,64,580745
progressive-bench,2,65536,10,2,64,418409
progressive-bench,2,65536,10,0,64,417166
progressive-backend,2,1048576,avx2
progressive-bench,2,1048576,0,0,4,414992
progressive-bench,2,1048576,0,1,4,579693
progressive-bench,2,1048576,0,2,4,412798
progressive-bench,2,1048576,1,1,4,572709
progressive-bench,2,1048576,1,2,4,408660
progressive-bench,2,1048576,1,0,4,412788
progressive-bench,2,1048576,2,2,4,410764
progressive-bench,2,1048576,2,0,4,418989
progressive-bench,2,1048576,2,1,4,585193
progressive-bench,2,1048576,3,0,4,415964
progressive-bench,2,1048576,3,1,4,575174
progressive-bench,2,1048576,3,2,4,412397
progressive-bench,2,1048576,4,1,4,576567
progressive-bench,2,1048576,4,2,4,414752
progressive-bench,2,1048576,4,0,4,410544
progressive-bench,2,1048576,5,2,4,419010
progressive-bench,2,1048576,5,0,4,413229
progressive-bench,2,1048576,5,1,4,579953
progressive-bench,2,1048576,6,0,4,413208
progressive-bench,2,1048576,6,1,4,575404
progressive-bench,2,1048576,6,2,4,412718
progressive-bench,2,1048576,7,1,4,572459
progressive-bench,2,1048576,7,2,4,407889
progressive-bench,2,1048576,7,0,4,413760
progressive-bench,2,1048576,8,2,4,414852
progressive-bench,2,1048576,8,0,4,413570
progressive-bench,2,1048576,8,1,4,582828
progressive-bench,2,1048576,9,0,4,419080
progressive-bench,2,1048576,9,1,4,574002
progressive-bench,2,1048576,9,2,4,412778
progressive-bench,2,1048576,10,1,4,572830
progressive-bench,2,1048576,10,2,4,416455
progressive-bench,2,1048576,10,0,4,412478
progressive-backend,3,4096,avx2
progressive-bench,3,4096,0,0,1024,524629
progressive-bench,3,4096,0,1,1024,703276
progressive-bench,3,4096,0,2,1024,679821
progressive-bench,3,4096,1,1,1024,703246
progressive-bench,3,4096,1,2,1024,673880
progressive-bench,3,4096,1,0,1024,530750
progressive-bench,3,4096,2,2,1024,673299
progressive-bench,3,4096,2,0,1024,534227
progressive-bench,3,4096,2,1,1024,708735
progressive-bench,3,4096,3,0,1024,534527
progressive-bench,3,4096,3,1,1024,714276
progressive-bench,3,4096,3,2,1024,667779
progressive-bench,3,4096,4,1,1024,708425
progressive-bench,3,4096,4,2,1024,669822
progressive-bench,3,4096,4,0,1024,528045
progressive-bench,3,4096,5,2,1024,670574
progressive-bench,3,4096,5,0,1024,533836
progressive-bench,3,4096,5,1,1024,707553
progressive-bench,3,4096,6,0,1024,536481
progressive-bench,3,4096,6,1,1024,707834
progressive-bench,3,4096,6,2,1024,679802
progressive-bench,3,4096,7,1,1024,705048
progressive-bench,3,4096,7,2,1024,666987
progressive-bench,3,4096,7,0,1024,530190
progressive-bench,3,4096,8,2,1024,668710
progressive-bench,3,4096,8,0,1024,559654
progressive-bench,3,4096,8,1,1024,714917
progressive-bench,3,4096,9,0,1024,531592
progressive-bench,3,4096,9,1,1024,709818
progressive-bench,3,4096,9,2,1024,674121
progressive-bench,3,4096,10,1,1024,708826
progressive-bench,3,4096,10,2,1024,720267
progressive-bench,3,4096,10,0,1024,541490
progressive-backend,3,16384,avx2
progressive-bench,3,16384,0,0,256,435100
progressive-bench,3,16384,0,1,256,608717
progressive-bench,3,16384,0,2,256,477240
progressive-bench,3,16384,1,1,256,609960
progressive-bench,3,16384,1,2,256,481006
progressive-bench,3,16384,1,0,256,451200
progressive-bench,3,16384,2,2,256,478963
progressive-bench,3,16384,2,0,256,444909
progressive-bench,3,16384,2,1,256,602776
progressive-bench,3,16384,3,0,256,493901
progressive-bench,3,16384,3,1,256,615270
progressive-bench,3,16384,3,2,256,483161
progressive-bench,3,16384,4,1,256,605721
progressive-bench,3,16384,4,2,256,507316
progressive-bench,3,16384,4,0,256,439328
progressive-bench,3,16384,5,2,256,475196
progressive-bench,3,16384,5,0,256,437575
progressive-bench,3,16384,5,1,256,672417
progressive-bench,3,16384,6,0,256,453885
progressive-bench,3,16384,6,1,256,621992
progressive-bench,3,16384,6,2,256,482149
progressive-bench,3,16384,7,1,256,599660
progressive-bench,3,16384,7,2,256,483020
progressive-bench,3,16384,7,0,256,441312
progressive-bench,3,16384,8,2,256,480245
progressive-bench,3,16384,8,0,256,445831
progressive-bench,3,16384,8,1,256,610541
progressive-bench,3,16384,9,0,256,448846
progressive-bench,3,16384,9,1,256,605802
progressive-bench,3,16384,9,2,256,486477
progressive-bench,3,16384,10,1,256,604930
progressive-bench,3,16384,10,2,256,504892
progressive-bench,3,16384,10,0,256,477831
progressive-backend,3,65536,avx2
progressive-bench,3,65536,0,0,64,427265
progressive-bench,3,65536,0,1,64,580173
progressive-bench,3,65536,0,2,64,428317
progressive-bench,3,65536,1,1,64,580374
progressive-bench,3,65536,1,2,64,425962
progressive-bench,3,65536,1,0,64,424480
progressive-bench,3,65536,2,2,64,425031
progressive-bench,3,65536,2,0,64,422717
progressive-bench,3,65536,2,1,64,637371
progressive-bench,3,65536,3,0,64,430100
progressive-bench,3,65536,3,1,64,588189
progressive-bench,3,65536,3,2,64,432255
progressive-bench,3,65536,4,1,64,575946
progressive-bench,3,65536,4,2,64,431293
progressive-bench,3,65536,4,0,64,420813
progressive-bench,3,65536,5,2,64,430471
progressive-bench,3,65536,5,0,64,419931
progressive-bench,3,65536,5,1,64,587357
progressive-bench,3,65536,6,0,64,440180
progressive-bench,3,65536,6,1,64,631881
progressive-bench,3,65536,6,2,64,432796
progressive-bench,3,65536,7,1,64,583479
progressive-bench,3,65536,7,2,64,427155
progressive-bench,3,65536,7,0,64,423538
progressive-bench,3,65536,8,2,64,425802
progressive-bench,3,65536,8,0,64,424820
progressive-bench,3,65536,8,1,64,582188
progressive-bench,3,65536,9,0,64,422847
progressive-bench,3,65536,9,1,64,588890
progressive-bench,3,65536,9,2,64,469004
progressive-bench,3,65536,10,1,64,609990
progressive-bench,3,65536,10,2,64,428558
progressive-bench,3,65536,10,0,64,413850
progressive-backend,3,1048576,avx2
progressive-bench,3,1048576,0,0,4,406546
progressive-bench,3,1048576,0,1,4,580885
progressive-bench,3,1048576,0,2,4,415012
progressive-bench,3,1048576,1,1,4,601904
progressive-bench,3,1048576,1,2,4,428838
progressive-bench,3,1048576,1,0,4,416816
progressive-bench,3,1048576,2,2,4,408820
progressive-bench,3,1048576,2,0,4,416415
progressive-bench,3,1048576,2,1,4,580524
progressive-bench,3,1048576,3,0,4,418819
progressive-bench,3,1048576,3,1,4,581817
progressive-bench,3,1048576,3,2,4,429830
progressive-bench,3,1048576,4,1,4,575975
progressive-bench,3,1048576,4,2,4,415503
progressive-bench,3,1048576,4,0,4,406987
progressive-bench,3,1048576,5,2,4,417557
progressive-bench,3,1048576,5,0,4,413900
progressive-bench,3,1048576,5,1,4,585373
progressive-bench,3,1048576,6,0,4,420723
progressive-bench,3,1048576,6,1,4,581035
progressive-bench,3,1048576,6,2,4,412778
progressive-bench,3,1048576,7,1,4,583340
progressive-bench,3,1048576,7,2,4,414711
progressive-bench,3,1048576,7,0,4,415954
progressive-bench,3,1048576,8,2,4,414221
progressive-bench,3,1048576,8,0,4,418940
progressive-bench,3,1048576,8,1,4,582678
progressive-bench,3,1048576,9,0,4,416054
progressive-bench,3,1048576,9,1,4,577038
progressive-bench,3,1048576,9,2,4,413740
progressive-bench,3,1048576,10,1,4,575755
progressive-bench,3,1048576,10,2,4,414231
progressive-bench,3,1048576,10,0,4,409612
ok

test result: ok. 1 passed; 0 failed; 0 ignored; 0 measured; 278 filtered out; finished in 0.31s

