    Finished `release` profile [optimized] target(s) in 0.00s
     Running unittests src/lib.rs (target/progressive-measure/1.99.0/release/deps/base64_ng-66838967a23aa810)

running 1 test
progressive-backend,0,4096,avx2
progressive-bench,0,4096,0,0,1024,544727
progressive-bench,0,4096,0,1,1024,758429
progressive-bench,0,4096,0,2,1024,637301
progressive-bench,0,4096,1,1,1024,686253
progressive-bench,0,4096,1,2,1024,651047
progressive-bench,0,4096,1,0,1024,573220
progressive-bench,0,4096,2,2,1024,569764
progressive-bench,0,4096,2,0,1024,514920
progressive-bench,0,4096,2,1,1024,773568
progressive-bench,0,4096,3,0,1024,532944
progressive-bench,0,4096,3,1,1024,756295
progressive-bench,0,4096,3,2,1024,719686
progressive-bench,0,4096,4,1,1024,851956
progressive-bench,0,4096,4,2,1024,712413
progressive-bench,0,4096,4,0,1024,607705
progressive-bench,0,4096,5,2,1024,586565
progressive-bench,0,4096,5,0,1024,513648
progressive-bench,0,4096,5,1,1024,715027
progressive-bench,0,4096,6,0,1024,525651
progressive-bench,0,4096,6,1,1024,705780
progressive-bench,0,4096,6,2,1024,593429
progressive-bench,0,4096,7,1,1024,702473
progressive-bench,0,4096,7,2,1024,591765
progressive-bench,0,4096,7,0,1024,525590
progressive-bench,0,4096,8,2,1024,616011
progressive-bench,0,4096,8,0,1024,542142
progressive-bench,0,4096,8,1,1024,707594
progressive-bench,0,4096,9,0,1024,524628
progressive-bench,0,4096,9,1,1024,700831
progressive-bench,0,4096,9,2,1024,585233
progressive-bench,0,4096,10,1,1024,691383
progressive-bench,0,4096,10,2,1024,580765
progressive-bench,0,4096,10,0,1024,523246
progressive-backend,0,16384,avx2
progressive-bench,0,16384,0,0,256,432334
progressive-bench,0,16384,0,1,256,596685
progressive-bench,0,16384,0,2,256,454327
progressive-bench,0,16384,1,1,256,608156
progressive-bench,0,16384,1,2,256,460188
progressive-bench,0,16384,1,0,256,442203
progressive-bench,0,16384,2,2,256,455018
progressive-bench,0,16384,2,0,256,449377
progressive-bench,0,16384,2,1,256,617193
progressive-bench,0,16384,3,0,256,444477
progressive-bench,0,16384,3,1,256,609128
progressive-bench,0,16384,3,2,256,458675
progressive-bench,0,16384,4,1,256,614248
progressive-bench,0,16384,4,2,256,457192
progressive-bench,0,16384,4,0,256,439178
progressive-bench,0,16384,5,2,256,453184
progressive-bench,0,16384,5,0,256,437896
progressive-bench,0,16384,5,1,256,607886
progressive-bench,0,16384,6,0,256,440480
progressive-bench,0,16384,6,1,256,610611
progressive-bench,0,16384,6,2,256,459676
progressive-bench,0,16384,7,1,256,605651
progressive-bench,0,16384,7,2,256,459637
progressive-bench,0,16384,7,0,256,438146
progressive-bench,0,16384,8,2,256,462241
progressive-bench,0,16384,8,0,256,438527
progressive-bench,0,16384,8,1,256,609398
progressive-bench,0,16384,9,0,256,446582
progressive-bench,0,16384,9,1,256,612695
progressive-bench,0,16384,9,2,256,453214
progressive-bench,0,16384,10,1,256,606793
progressive-bench,0,16384,10,2,256,452293
progressive-bench,0,16384,10,0,256,440130
progressive-backend,0,65536,avx2
progressive-bench,0,65536,0,0,64,413710
progressive-bench,0,65536,0,1,64,583389
progressive-bench,0,65536,0,2,64,424871
progressive-bench,0,65536,1,1,64,588599
progressive-bench,0,65536,1,2,64,422968
progressive-bench,0,65536,1,0,64,421926
progressive-bench,0,65536,2,2,64,421594
progressive-bench,0,65536,2,0,64,416395
progressive-bench,0,65536,2,1,64,591595
progressive-bench,0,65536,3,0,64,414381
progressive-bench,0,65536,3,1,64,583640
progressive-bench,0,65536,3,2,64,424741
progressive-bench,0,65536,4,1,64,584723
progressive-bench,0,65536,4,2,64,430120
progressive-bench,0,65536,4,0,64,417056
progressive-bench,0,65536,5,2,64,423718
progressive-bench,0,65536,5,0,64,414641
progressive-bench,0,65536,5,1,64,579182
progressive-bench,0,65536,6,0,64,421014
progressive-bench,0,65536,6,1,64,582859
progressive-bench,0,65536,6,2,64,427255
progressive-bench,0,65536,7,1,64,582007
progressive-bench,0,65536,7,2,64,425091
progressive-bench,0,65536,7,0,64,417607
progressive-bench,0,65536,8,2,64,424540
progressive-bench,0,65536,8,0,64,415964
progressive-bench,0,65536,8,1,64,596825
progressive-bench,0,65536,9,0,64,417567
progressive-bench,0,65536,9,1,64,589561
progressive-bench,0,65536,9,2,64,425943
progressive-bench,0,65536,10,1,64,586996
progressive-bench,0,65536,10,2,64,426464
progressive-bench,0,65536,10,0,64,420523
progressive-backend,0,1048576,avx2
progressive-bench,0,1048576,0,0,4,413449
progressive-bench,0,1048576,0,1,4,586144
progressive-bench,0,1048576,0,2,4,408601
progressive-bench,0,1048576,1,1,4,578871
progressive-bench,0,1048576,1,2,4,415904
progressive-bench,0,1048576,1,0,4,415864
progressive-bench,0,1048576,2,2,4,416054
progressive-bench,0,1048576,2,0,4,415864
progressive-bench,0,1048576,2,1,4,587507
progressive-bench,0,1048576,3,0,4,421455
progressive-bench,0,1048576,3,1,4,584612
progressive-bench,0,1048576,3,2,4,414952
progressive-bench,0,1048576,4,1,4,584662
progressive-bench,0,1048576,4,2,4,412718
progressive-bench,0,1048576,4,0,4,417998
progressive-bench,0,1048576,5,2,4,411375
progressive-bench,0,1048576,5,0,4,411416
progressive-bench,0,1048576,5,1,4,588068
progressive-bench,0,1048576,6,0,4,415252
progressive-bench,0,1048576,6,1,4,584882
progressive-bench,0,1048576,6,2,4,422917
progressive-bench,0,1048576,7,1,4,583439
progressive-bench,0,1048576,7,2,4,416525
progressive-bench,0,1048576,7,0,4,413940
progressive-bench,0,1048576,8,2,4,408710
progressive-bench,0,1048576,8,0,4,417918
progressive-bench,0,1048576,8,1,4,585974
progressive-bench,0,1048576,9,0,4,420052
progressive-bench,0,1048576,9,1,4,589451
progressive-bench,0,1048576,9,2,4,415533
progressive-bench,0,1048576,10,1,4,584822
progressive-bench,0,1048576,10,2,4,412197
progressive-bench,0,1048576,10,0,4,410213
progressive-backend,1,4096,avx2
progressive-bench,1,4096,0,0,1024,533986
progressive-bench,1,4096,0,1,1024,707774
progressive-bench,1,4096,0,2,1024,687165
progressive-bench,1,4096,1,1,1024,713044
progressive-bench,1,4096,1,2,1024,679050
progressive-bench,1,4096,1,0,1024,530740
progressive-bench,1,4096,2,2,1024,678970
progressive-bench,1,4096,2,0,1024,525651
progressive-bench,1,4096,2,1,1024,712703
progressive-bench,1,4096,3,0,1024,526171
progressive-bench,1,4096,3,1,1024,711561
progressive-bench,1,4096,3,2,1024,680603
progressive-bench,1,4096,4,1,1024,713294
progressive-bench,1,4096,4,2,1024,670693
progressive-bench,1,4096,4,0,1024,524408
progressive-bench,1,4096,5,2,1024,676696
progressive-bench,1,4096,5,0,1024,531993
progressive-bench,1,4096,5,1,1024,709868
progressive-bench,1,4096,6,0,1024,526372
progressive-bench,1,4096,6,1,1024,715458
progressive-bench,1,4096,6,2,1024,674521
progressive-bench,1,4096,7,1,1024,707373
progressive-bench,1,4096,7,2,1024,673028
progressive-bench,1,4096,7,0,1024,522434
progressive-bench,1,4096,8,2,1024,670774
progressive-bench,1,4096,8,0,1024,530940
progressive-bench,1,4096,8,1,1024,707023
progressive-bench,1,4096,9,0,1024,536031
progressive-bench,1,4096,9,1,1024,724856
progressive-bench,1,4096,9,2,1024,671145
progressive-bench,1,4096,10,1,1024,710389
progressive-bench,1,4096,10,2,1024,677777
progressive-bench,1,4096,10,0,1024,526702
progressive-backend,1,16384,avx2
progressive-bench,1,16384,0,0,256,436122
progressive-bench,1,16384,0,1,256,608938
progressive-bench,1,16384,0,2,256,483250
progressive-bench,1,16384,1,1,256,608206
progressive-bench,1,16384,1,2,256,479624
progressive-bench,1,16384,1,0,256,440841
progressive-bench,1,16384,2,2,256,479754
progressive-bench,1,16384,2,0,256,436503
progressive-bench,1,16384,2,1,256,619538
progressive-bench,1,16384,3,0,256,444027
progressive-bench,1,16384,3,1,256,623124
progressive-bench,1,16384,3,2,256,481577
progressive-bench,1,16384,4,1,256,614789
progressive-bench,1,16384,4,2,256,487318
progressive-bench,1,16384,4,0,256,443506
progressive-bench,1,16384,5,2,256,474224
progressive-bench,1,16384,5,0,256,448435
progressive-bench,1,16384,5,1,256,611993
progressive-bench,1,16384,6,0,256,442103
progressive-bench,1,16384,6,1,256,614177
progressive-bench,1,16384,6,2,256,504951
progressive-bench,1,16384,7,1,256,611713
progressive-bench,1,16384,7,2,256,473021
progressive-bench,1,16384,7,0,256,443125
progressive-bench,1,16384,8,2,256,474574
progressive-bench,1,16384,8,0,256,449638
progressive-bench,1,16384,8,1,256,609879
progressive-bench,1,16384,9,0,256,452142
progressive-bench,1,16384,9,1,256,608557
progressive-bench,1,16384,9,2,256,487619
progressive-bench,1,16384,10,1,256,609819
progressive-bench,1,16384,10,2,256,476448
progressive-bench,1,16384,10,0,256,437955
progressive-backend,1,65536,avx2
progressive-bench,1,65536,0,0,64,419230
progressive-bench,1,65536,0,1,64,584241
progressive-bench,1,65536,0,2,64,452543
progressive-bench,1,65536,1,1,64,584412
progressive-bench,1,65536,1,2,64,430642
progressive-bench,1,65536,1,0,64,421133
progressive-bench,1,65536,2,2,64,429359
progressive-bench,1,65536,2,0,64,418378
progressive-bench,1,65536,2,1,64,591735
progressive-bench,1,65536,3,0,64,424660
progressive-bench,1,65536,3,1,64,587016
progressive-bench,1,65536,3,2,64,425142
progressive-bench,1,65536,4,1,64,587628
progressive-bench,1,65536,4,2,64,425021
progressive-bench,1,65536,4,0,64,426854
progressive-bench,1,65536,5,2,64,429249
progressive-bench,1,65536,5,0,64,428166
progressive-bench,1,65536,5,1,64,587828
progressive-bench,1,65536,6,0,64,423508
progressive-bench,1,65536,6,1,64,619978
progressive-bench,1,65536,6,2,64,430862
progressive-bench,1,65536,7,1,64,586505
progressive-bench,1,65536,7,2,64,434940
progressive-bench,1,65536,7,0,64,418749
progressive-bench,1,65536,8,2,64,435150
progressive-bench,1,65536,8,0,64,418458
progressive-bench,1,65536,8,1,64,588740
progressive-bench,1,65536,9,0,64,422496
progressive-bench,1,65536,9,1,64,590563
progressive-bench,1,65536,9,2,64,434689
progressive-bench,1,65536,10,1,64,585895
progressive-bench,1,65536,10,2,64,425011
progressive-bench,1,65536,10,0,64,417868
progressive-backend,1,1048576,avx2
progressive-bench,1,1048576,0,0,4,425693
progressive-bench,1,1048576,0,1,4,583870
progressive-bench,1,1048576,0,2,4,417938
progressive-bench,1,1048576,1,1,4,583529
progressive-bench,1,1048576,1,2,4,409352
progressive-bench,1,1048576,1,0,4,414652
progressive-bench,1,1048576,2,2,4,418428
progressive-bench,1,1048576,2,0,4,421795
progressive-bench,1,1048576,2,1,4,595513
progressive-bench,1,1048576,3,0,4,416715
progressive-bench,1,1048576,3,1,4,581456
progressive-bench,1,1048576,3,2,4,410965
progressive-bench,1,1048576,4,1,4,577429
progressive-bench,1,1048576,4,2,4,418288
progressive-bench,1,1048576,4,0,4,414061
progressive-bench,1,1048576,5,2,4,417147
progressive-bench,1,1048576,5,0,4,413660
progressive-bench,1,1048576,5,1,4,587858
progressive-bench,1,1048576,6,0,4,418299
progressive-bench,1,1048576,6,1,4,649694
progressive-bench,1,1048576,6,2,4,413730
progressive-bench,1,1048576,7,1,4,591896
progressive-bench,1,1048576,7,2,4,412478
progressive-bench,1,1048576,7,0,4,456390
progressive-bench,1,1048576,8,2,4,422786
progressive-bench,1,1048576,8,0,4,417757
progressive-bench,1,1048576,8,1,4,600812
progressive-bench,1,1048576,9,0,4,423728
progressive-bench,1,1048576,9,1,4,579723
progressive-bench,1,1048576,9,2,4,422236
progressive-bench,1,1048576,10,1,4,592757
progressive-bench,1,1048576,10,2,4,437114
progressive-bench,1,1048576,10,0,4,458264
progressive-backend,2,4096,avx2
progressive-bench,2,4096,0,0,1024,538565
progressive-bench,2,4096,0,1,1024,724726
progressive-bench,2,4096,0,2,1024,606573
progressive-bench,2,4096,1,1,1024,708415
progressive-bench,2,4096,1,2,1024,701572
progressive-bench,2,4096,1,0,1024,643032
progressive-bench,2,4096,2,2,1024,615740
progressive-bench,2,4096,2,0,1024,549435
progressive-bench,2,4096,2,1,1024,734905
progressive-bench,2,4096,3,0,1024,607866
progressive-bench,2,4096,3,1,1024,721399
progressive-bench,2,4096,3,2,1024,598619
progressive-bench,2,4096,4,1,1024,704689
progressive-bench,2,4096,4,2,1024,608657
progressive-bench,2,4096,4,0,1024,608978
progressive-bench,2,4096,5,2,1024,597096
progressive-bench,2,4096,5,0,1024,549256
progressive-bench,2,4096,5,1,1024,710609
progressive-bench,2,4096,6,0,1024,543985
progressive-bench,2,4096,6,1,1024,723994
progressive-bench,2,4096,6,2,1024,593439
progressive-bench,2,4096,7,1,1024,721921
progressive-bench,2,4096,7,2,1024,607615
progressive-bench,2,4096,7,0,1024,533425
progressive-bench,2,4096,8,2,1024,693657
progressive-bench,2,4096,8,0,1024,537473
progressive-bench,2,4096,8,1,1024,741778
progressive-bench,2,4096,9,0,1024,538304
progressive-bench,2,4096,9,1,1024,707854
progressive-bench,2,4096,9,2,1024,606814
progressive-bench,2,4096,10,1,1024,721811
progressive-bench,2,4096,10,2,1024,596845
progressive-bench,2,4096,10,0,1024,589752
progressive-backend,2,16384,avx2
progressive-bench,2,16384,0,0,256,464215
progressive-bench,2,16384,0,1,256,643733
progressive-bench,2,16384,0,2,256,470316
progressive-bench,2,16384,1,1,256,605952
progressive-bench,2,16384,1,2,256,470457
progressive-bench,2,16384,1,0,256,445289
progressive-bench,2,16384,2,2,256,474514
progressive-bench,2,16384,2,0,256,447553
progressive-bench,2,16384,2,1,256,653912
progressive-bench,2,16384,3,0,256,508368
progressive-bench,2,16384,3,1,256,644515
progressive-bench,2,16384,3,2,256,460878
progressive-bench,2,16384,4,1,256,614247
progressive-bench,2,16384,4,2,256,457652
progressive-bench,2,16384,4,0,256,454667
progressive-bench,2,16384,5,2,256,456480
progressive-bench,2,16384,5,0,256,457142
progressive-bench,2,16384,5,1,256,611273
progressive-bench,2,16384,6,0,256,475105
progressive-bench,2,16384,6,1,256,692906
progressive-bench,2,16384,6,2,256,483762
progressive-bench,2,16384,7,1,256,616853
progressive-bench,2,16384,7,2,256,460188
progressive-bench,2,16384,7,0,256,458063
progressive-bench,2,16384,8,2,256,459095
progressive-bench,2,16384,8,0,256,444838
progressive-bench,2,16384,8,1,256,620740
progressive-bench,2,16384,9,0,256,496555
progressive-bench,2,16384,9,1,256,641970
progressive-bench,2,16384,9,2,256,504501
progressive-bench,2,16384,10,1,256,606503
progressive-bench,2,16384,10,2,256,469225
progressive-bench,2,16384,10,0,256,443145
progressive-backend,2,65536,avx2
progressive-bench,2,65536,0,0,64,430402
progressive-bench,2,65536,0,1,64,584311
progressive-bench,2,65536,0,2,64,433828
progressive-bench,2,65536,1,1,64,582518
progressive-bench,2,65536,1,2,64,496055
progressive-bench,2,65536,1,0,64,432786
progressive-bench,2,65536,2,2,64,455979
progressive-bench,2,65536,2,0,64,420733
progressive-bench,2,65536,2,1,64,594451
progressive-bench,2,65536,3,0,64,421945
progressive-bench,2,65536,3,1,64,601103
progressive-bench,2,65536,3,2,64,430682
progressive-bench,2,65536,4,1,64,592988
progressive-bench,2,65536,4,2,64,424891
progressive-bench,2,65536,4,0,64,426925
progressive-bench,2,65536,5,2,64,482870
progressive-bench,2,65536,5,0,64,433638
progressive-bench,2,65536,5,1,64,612464
progressive-bench,2,65536,6,0,64,435961
progressive-bench,2,65536,6,1,64,589731
progressive-bench,2,65536,6,2,64,436492
progressive-bench,2,65536,7,1,64,583760
progressive-bench,2,65536,7,2,64,431423
progressive-bench,2,65536,7,0,64,417717
progressive-bench,2,65536,8,2,64,470387
progressive-bench,2,65536,8,0,64,425532
progressive-bench,2,65536,8,1,64,625058
progressive-bench,2,65536,9,0,64,427506
progressive-bench,2,65536,9,1,64,588148
progressive-bench,2,65536,9,2,64,425392
progressive-bench,2,65536,10,1,64,595763
progressive-bench,2,65536,10,2,64,425582
progressive-bench,2,65536,10,0,64,428688
progressive-backend,2,1048576,avx2
progressive-bench,2,1048576,0,0,4,424901
progressive-bench,2,1048576,0,1,4,609318
progressive-bench,2,1048576,0,2,4,417557
progressive-bench,2,1048576,1,1,4,579693
progressive-bench,2,1048576,1,2,4,429229
progressive-bench,2,1048576,1,0,4,412217
progressive-bench,2,1048576,2,2,4,429990
progressive-bench,2,1048576,2,0,4,495544
progressive-bench,2,1048576,2,1,4,582718
progressive-bench,2,1048576,3,0,4,426434
progressive-bench,2,1048576,3,1,4,732761
progressive-bench,2,1048576,3,2,4,447904
progressive-bench,2,1048576,4,1,4,576637
progressive-bench,2,1048576,4,2,4,424660
progressive-bench,2,1048576,4,0,4,412117
progressive-bench,2,1048576,5,2,4,425282
progressive-bench,2,1048576,5,0,4,416205
progressive-bench,2,1048576,5,1,4,586946
progressive-bench,2,1048576,6,0,4,427707
progressive-bench,2,1048576,6,1,4,667078
progressive-bench,2,1048576,6,2,4,415543
progressive-bench,2,1048576,7,1,4,589581
progressive-bench,2,1048576,7,2,4,417107
progressive-bench,2,1048576,7,0,4,478943
progressive-bench,2,1048576,8,2,4,465277
progressive-bench,2,1048576,8,0,4,466179
progressive-bench,2,1048576,8,1,4,586165
progressive-bench,2,1048576,9,0,4,428087
progressive-bench,2,1048576,9,1,4,628575
progressive-bench,2,1048576,9,2,4,443136
progressive-bench,2,1048576,10,1,4,592397
progressive-bench,2,1048576,10,2,4,424610
progressive-bench,2,1048576,10,0,4,412848
progressive-backend,3,4096,avx2
progressive-bench,3,4096,0,0,1024,543294
progressive-bench,3,4096,0,1,1024,717553
progressive-bench,3,4096,0,2,1024,763169
progressive-bench,3,4096,1,1,1024,758901
progressive-bench,3,4096,1,2,1024,678649
progressive-bench,3,4096,1,0,1024,535610
progressive-bench,3,4096,2,2,1024,676394
progressive-bench,3,4096,2,0,1024,545909
progressive-bench,3,4096,2,1,1024,721159
progressive-bench,3,4096,3,0,1024,552311
progressive-bench,3,4096,3,1,1024,798976
progressive-bench,3,4096,3,2,1024,709968
progressive-bench,3,4096,4,1,1024,717172
progressive-bench,3,4096,4,2,1024,672478
progressive-bench,3,4096,4,0,1024,538265
progressive-bench,3,4096,5,2,1024,678760
progressive-bench,3,4096,5,0,1024,543615
progressive-bench,3,4096,5,1,1024,802051
progressive-bench,3,4096,6,0,1024,575685
progressive-bench,3,4096,6,1,1024,705129
progressive-bench,3,4096,6,2,1024,668851
progressive-bench,3,4096,7,1,1024,712253
progressive-bench,3,4096,7,2,1024,662669
progressive-bench,3,4096,7,0,1024,556819
progressive-bench,3,4096,8,2,1024,676926
progressive-bench,3,4096,8,0,1024,610841
progressive-bench,3,4096,8,1,1024,766444
progressive-bench,3,4096,9,0,1024,555176
progressive-bench,3,4096,9,1,1024,706081
progressive-bench,3,4096,9,2,1024,676595
progressive-bench,3,4096,10,1,1024,725758
progressive-bench,3,4096,10,2,1024,663149
progressive-bench,3,4096,10,0,1024,556539
progressive-backend,3,16384,avx2
progressive-bench,3,16384,0,0,256,443145
progressive-bench,3,16384,0,1,256,687425
progressive-bench,3,16384,0,2,256,506805
progressive-bench,3,16384,1,1,256,627974
progressive-bench,3,16384,1,2,256,485245
progressive-bench,3,16384,1,0,256,444608
progressive-bench,3,16384,2,2,256,488190
progressive-bench,3,16384,2,0,256,449026
progressive-bench,3,16384,2,1,256,622734
progressive-bench,3,16384,3,0,256,450960
progressive-bench,3,16384,3,1,256,691654
progressive-bench,3,16384,3,2,256,508318
progressive-bench,3,16384,4,1,256,620810
progressive-bench,3,16384,4,2,256,487740
progressive-bench,3,16384,4,0,256,444738
progressive-bench,3,16384,5,2,256,475156
progressive-bench,3,16384,5,0,256,460117
progressive-bench,3,16384,5,1,256,620560
progressive-bench,3,16384,6,0,256,452613
progressive-bench,3,16384,6,1,256,624927
progressive-bench,3,16384,6,2,256,558302
progressive-bench,3,16384,7,1,256,618927
progressive-bench,3,16384,7,2,256,502708
progressive-bench,3,16384,7,0,256,455619
progressive-bench,3,16384,8,2,256,476208
progressive-bench,3,16384,8,0,256,456160
progressive-bench,3,16384,8,1,256,613296
progressive-bench,3,16384,9,0,256,462482
progressive-bench,3,16384,9,1,256,611864
progressive-bench,3,16384,9,2,256,491977
progressive-bench,3,16384,10,1,256,624777
progressive-bench,3,16384,10,2,256,477770
progressive-bench,3,16384,10,0,256,447012
progressive-backend,3,65536,avx2
progressive-bench,3,65536,0,0,64,419972
progressive-bench,3,65536,0,1,64,671205
progressive-bench,3,65536,0,2,64,433306
progressive-bench,3,65536,1,1,64,629727
progressive-bench,3,65536,1,2,64,432585
progressive-bench,3,65536,1,0,64,432745
progressive-bench,3,65536,2,2,64,430852
progressive-bench,3,65536,2,0,64,422777
progressive-bench,3,65536,2,1,64,598057
progressive-bench,3,65536,3,0,64,435161
progressive-bench,3,65536,3,1,64,587647
progressive-bench,3,65536,3,2,64,442865
progressive-bench,3,65536,4,1,64,643422
progressive-bench,3,65536,4,2,64,456741
progressive-bench,3,65536,4,0,64,452884
progressive-bench,3,65536,5,2,64,441572
progressive-bench,3,65536,5,0,64,425743
progressive-bench,3,65536,5,1,64,597977
progressive-bench,3,65536,6,0,64,428257
progressive-bench,3,65536,6,1,64,601523
progressive-bench,3,65536,6,2,64,431663
progressive-bench,3,65536,7,1,64,593489
progressive-bench,3,65536,7,2,64,428358
progressive-bench,3,65536,7,0,64,454526
progressive-bench,3,65536,8,2,64,481227
progressive-bench,3,65536,8,0,64,438897
progressive-bench,3,65536,8,1,64,595683
progressive-bench,3,65536,9,0,64,434930
progressive-bench,3,65536,9,1,64,580915
progressive-bench,3,65536,9,2,64,441322
progressive-bench,3,65536,10,1,64,582508
progressive-bench,3,65536,10,2,64,439829
progressive-bench,3,65536,10,0,64,421454
progressive-backend,3,1048576,avx2
progressive-bench,3,1048576,0,0,4,459777
progressive-bench,3,1048576,0,1,4,588499
progressive-bench,3,1048576,0,2,4,420112
progressive-bench,3,1048576,1,1,4,575014
progressive-bench,3,1048576,1,2,4,413960
progressive-bench,3,1048576,1,0,4,421244
progressive-bench,3,1048576,2,2,4,417247
progressive-bench,3,1048576,2,0,4,426213
progressive-bench,3,1048576,2,1,4,587717
progressive-bench,3,1048576,3,0,4,419010
progressive-bench,3,1048576,3,1,4,594931
progressive-bench,3,1048576,3,2,4,414902
progressive-bench,3,1048576,4,1,4,576276
progressive-bench,3,1048576,4,2,4,433598
progressive-bench,3,1048576,4,0,4,417968
progressive-bench,3,1048576,5,2,4,428778
progressive-bench,3,1048576,5,0,4,455288
progressive-bench,3,1048576,5,1,4,586536
progressive-bench,3,1048576,6,0,4,435350
progressive-bench,3,1048576,6,1,4,591255
progressive-bench,3,1048576,6,2,4,418930
progressive-bench,3,1048576,7,1,4,591265
progressive-bench,3,1048576,7,2,4,412648
progressive-bench,3,1048576,7,0,4,415413
progressive-bench,3,1048576,8,2,4,448405
progressive-bench,3,1048576,8,0,4,416114
progressive-bench,3,1048576,8,1,4,594310
progressive-bench,3,1048576,9,0,4,429159
progressive-bench,3,1048576,9,1,4,576767
progressive-bench,3,1048576,9,2,4,424190
progressive-bench,3,1048576,10,1,4,593529
progressive-bench,3,1048576,10,2,4,415624
progressive-bench,3,1048576,10,0,4,494091
ok

test result: ok. 1 passed; 0 failed; 0 ignored; 0 measured; 278 filtered out; finished in 0.31s

